Archive member included to satisfy reference by file (symbol)

c:/st/stm32cubeide_1.12.1/stm32cubeide/plugins/com.st.stm32cube.ide.mcu.externaltools.gnu-tools-for-stm32.10.3-2021.10.win32_1.0.200.202301161003/tools/bin/../lib/gcc/arm-none-eabi/10.3.1/../../../../arm-none-eabi/lib/thumb/v7e-m+fp/hard\libc_nano.a(lib_a-errno.o)
                              ./Core/Src/syscalls.o (__errno)
c:/st/stm32cubeide_1.12.1/stm32cubeide/plugins/com.st.stm32cube.ide.mcu.externaltools.gnu-tools-for-stm32.10.3-2021.10.win32_1.0.200.202301161003/tools/bin/../lib/gcc/arm-none-eabi/10.3.1/../../../../arm-none-eabi/lib/thumb/v7e-m+fp/hard\libc_nano.a(lib_a-exit.o)
                              c:/st/stm32cubeide_1.12.1/stm32cubeide/plugins/com.st.stm32cube.ide.mcu.externaltools.gnu-tools-for-stm32.10.3-2021.10.win32_1.0.200.202301161003/tools/bin/../lib/gcc/arm-none-eabi/10.3.1/../../../../arm-none-eabi/lib/thumb/v7e-m+fp/hard/crt0.o (exit)
c:/st/stm32cubeide_1.12.1/stm32cubeide/plugins/com.st.stm32cube.ide.mcu.externaltools.gnu-tools-for-stm32.10.3-2021.10.win32_1.0.200.202301161003/tools/bin/../lib/gcc/arm-none-eabi/10.3.1/../../../../arm-none-eabi/lib/thumb/v7e-m+fp/hard\libc_nano.a(lib_a-impure.o)
                              c:/st/stm32cubeide_1.12.1/stm32cubeide/plugins/com.st.stm32cube.ide.mcu.externaltools.gnu-tools-for-stm32.10.3-2021.10.win32_1.0.200.202301161003/tools/bin/../lib/gcc/arm-none-eabi/10.3.1/../../../../arm-none-eabi/lib/thumb/v7e-m+fp/hard\libc_nano.a(lib_a-exit.o) (_global_impure_ptr)
c:/st/stm32cubeide_1.12.1/stm32cubeide/plugins/com.st.stm32cube.ide.mcu.externaltools.gnu-tools-for-stm32.10.3-2021.10.win32_1.0.200.202301161003/tools/bin/../lib/gcc/arm-none-eabi/10.3.1/../../../../arm-none-eabi/lib/thumb/v7e-m+fp/hard\libc_nano.a(lib_a-init.o)
                              c:/st/stm32cubeide_1.12.1/stm32cubeide/plugins/com.st.stm32cube.ide.mcu.externaltools.gnu-tools-for-stm32.10.3-2021.10.win32_1.0.200.202301161003/tools/bin/../lib/gcc/arm-none-eabi/10.3.1/../../../../arm-none-eabi/lib/thumb/v7e-m+fp/hard/crt0.o (__libc_init_array)
c:/st/stm32cubeide_1.12.1/stm32cubeide/plugins/com.st.stm32cube.ide.mcu.externaltools.gnu-tools-for-stm32.10.3-2021.10.win32_1.0.200.202301161003/tools/bin/../lib/gcc/arm-none-eabi/10.3.1/../../../../arm-none-eabi/lib/thumb/v7e-m+fp/hard\libc_nano.a(lib_a-memset.o)
                              c:/st/stm32cubeide_1.12.1/stm32cubeide/plugins/com.st.stm32cube.ide.mcu.externaltools.gnu-tools-for-stm32.10.3-2021.10.win32_1.0.200.202301161003/tools/bin/../lib/gcc/arm-none-eabi/10.3.1/../../../../arm-none-eabi/lib/thumb/v7e-m+fp/hard/crt0.o (memset)

Discarded input sections

 .text          0x0000000000000000        0x0 c:/st/stm32cubeide_1.12.1/stm32cubeide/plugins/com.st.stm32cube.ide.mcu.externaltools.gnu-tools-for-stm32.10.3-2021.10.win32_1.0.200.202301161003/tools/bin/../lib/gcc/arm-none-eabi/10.3.1/thumb/v7e-m+fp/hard/crti.o
 .data          0x0000000000000000        0x0 c:/st/stm32cubeide_1.12.1/stm32cubeide/plugins/com.st.stm32cube.ide.mcu.externaltools.gnu-tools-for-stm32.10.3-2021.10.win32_1.0.200.202301161003/tools/bin/../lib/gcc/arm-none-eabi/10.3.1/thumb/v7e-m+fp/hard/crti.o
 .bss           0x0000000000000000        0x0 c:/st/stm32cubeide_1.12.1/stm32cubeide/plugins/com.st.stm32cube.ide.mcu.externaltools.gnu-tools-for-stm32.10.3-2021.10.win32_1.0.200.202301161003/tools/bin/../lib/gcc/arm-none-eabi/10.3.1/thumb/v7e-m+fp/hard/crti.o
 .data          0x0000000000000000        0x4 c:/st/stm32cubeide_1.12.1/stm32cubeide/plugins/com.st.stm32cube.ide.mcu.externaltools.gnu-tools-for-stm32.10.3-2021.10.win32_1.0.200.202301161003/tools/bin/../lib/gcc/arm-none-eabi/10.3.1/thumb/v7e-m+fp/hard/crtbegin.o
 .rodata        0x0000000000000000       0x24 c:/st/stm32cubeide_1.12.1/stm32cubeide/plugins/com.st.stm32cube.ide.mcu.externaltools.gnu-tools-for-stm32.10.3-2021.10.win32_1.0.200.202301161003/tools/bin/../lib/gcc/arm-none-eabi/10.3.1/thumb/v7e-m+fp/hard/crtbegin.o
 .text          0x0000000000000000       0x7c c:/st/stm32cubeide_1.12.1/stm32cubeide/plugins/com.st.stm32cube.ide.mcu.externaltools.gnu-tools-for-stm32.10.3-2021.10.win32_1.0.200.202301161003/tools/bin/../lib/gcc/arm-none-eabi/10.3.1/../../../../arm-none-eabi/lib/thumb/v7e-m+fp/hard/crt0.o
 .data          0x0000000000000000        0x0 c:/st/stm32cubeide_1.12.1/stm32cubeide/plugins/com.st.stm32cube.ide.mcu.externaltools.gnu-tools-for-stm32.10.3-2021.10.win32_1.0.200.202301161003/tools/bin/../lib/gcc/arm-none-eabi/10.3.1/../../../../arm-none-eabi/lib/thumb/v7e-m+fp/hard/crt0.o
 .bss           0x0000000000000000        0x0 c:/st/stm32cubeide_1.12.1/stm32cubeide/plugins/com.st.stm32cube.ide.mcu.externaltools.gnu-tools-for-stm32.10.3-2021.10.win32_1.0.200.202301161003/tools/bin/../lib/gcc/arm-none-eabi/10.3.1/../../../../arm-none-eabi/lib/thumb/v7e-m+fp/hard/crt0.o
[...]
Memory Configuration

Name             Origin             Length             Attributes
CCMRAM           0x0000000010000000 0x0000000000002800 xrw
RAM              0x0000000020000000 0x0000000000005800 xrw
FLASH            0x0000000008000000 0x0000000000020000 xr
*default*        0x0000000000000000 0xffffffffffffffff

Linker script and memory map

LOAD c:/st/stm32cubeide_1.12.1/stm32cubeide/plugins/com.st.stm32cube.ide.mcu.externaltools.gnu-tools-for-stm32.10.3-2021.10.win32_1.0.200.202301161003/tools/bin/../lib/gcc/arm-none-eabi/10.3.1/thumb/v7e-m+fp/hard/crti.o
LOAD c:/st/stm32cubeide_1.12.1/stm32cubeide/plugins/com.st.stm32cube.ide.mcu.externaltools.gnu-tools-for-stm32.10.3-2021.10.win32_1.0.200.202301161003/tools/bin/../lib/gcc/arm-none-eabi/10.3.1/thumb/v7e-m+fp/hard/crtbegin.o
LOAD c:/st/stm32cubeide_1.12.1/stm32cubeide/plugins/com.st.stm32cube.ide.mcu.externaltools.gnu-tools-for-stm32.10.3-2021.10.win32_1.0.200.202301161003/tools/bin/../lib/gcc/arm-none-eabi/10.3.1/../../../../arm-none-eabi/lib/thumb/v7e-m+fp/hard/crt0.o
LOAD ./Core/Src/cache_destroy.o
LOAD ./Core/Src/dijkstra.o
LOAD ./Core/Src/input.o
LOAD ./Core/Src/main.o
LOAD ./Core/Src/scopy.o
LOAD ./Core/Src/stm32g4xx_hal_msp.o
LOAD ./Core/Src/stm32g4xx_it.o
LOAD ./Core/Src/syscalls.o
LOAD ./Core/Src/sysmem.o
LOAD ./Core/Src/system_stm32g4xx.o
LOAD ./Core/Startup/startup_stm32g431kbtx.o
LOAD ./Drivers/STM32G4xx_HAL_Driver/Src/stm32g4xx_hal.o
LOAD ./Drivers/STM32G4xx_HAL_Driver/Src/stm32g4xx_hal_cortex.o
LOAD ./Drivers/STM32G4xx_HAL_Driver/Src/stm32g4xx_hal_dma.o
LOAD ./Drivers/STM32G4xx_HAL_Driver/Src/stm32g4xx_hal_dma_ex.o
LOAD ./Drivers/STM32G4xx_HAL_Driver/Src/stm32g4xx_hal_exti.o
LOAD ./Drivers/STM32G4xx_HAL_Driver/Src/stm32g4xx_hal_flash.o
LOAD ./Drivers/STM32G4xx_HAL_Driver/Src/stm32g4xx_hal_flash_ex.o
LOAD ./Drivers/STM32G4xx_HAL_Driver/Src/stm32g4xx_hal_flash_ramfunc.o
LOAD ./Drivers/STM32G4xx_HAL_Driver/Src/stm32g4xx_hal_gpio.o
LOAD ./Drivers/STM32G4xx_HAL_Driver/Src/stm32g4xx_hal_pwr.o
LOAD ./Drivers/STM32G4xx_HAL_Driver/Src/stm32g4xx_hal_pwr_ex.o
LOAD ./Drivers/STM32G4xx_HAL_Driver/Src/stm32g4xx_hal_rcc.o
LOAD ./Drivers/STM32G4xx_HAL_Driver/Src/stm32g4xx_hal_rcc_ex.o
LOAD ./Drivers/STM32G4xx_HAL_Driver/Src/stm32g4xx_hal_rtc.o
LOAD ./Drivers/STM32G4xx_HAL_Driver/Src/stm32g4xx_hal_rtc_ex.o
LOAD ./Drivers/STM32G4xx_HAL_Driver/Src/stm32g4xx_hal_tim.o
LOAD ./Drivers/STM32G4xx_HAL_Driver/Src/stm32g4xx_hal_tim_ex.o
START GROUP
LOAD c:/st/stm32cubeide_1.12.1/stm32cubeide/plugins/com.st.stm32cube.ide.mcu.externaltools.gnu-tools-for-stm32.10.3-2021.10.win32_1.0.200.202301161003/tools/bin/../lib/gcc/arm-none-eabi/10.3.1/../../../../arm-none-eabi/lib/thumb/v7e-m+fp/hard\libc_nano.a
LOAD c:/st/stm32cubeide_1.12.1/stm32cubeide/plugins/com.st.stm32cube.ide.mcu.externaltools.gnu-tools-for-stm32.10.3-2021.10.win32_1.0.200.202301161003/tools/bin/../lib/gcc/arm-none-eabi/10.3.1/../../../../arm-none-eabi/lib/thumb/v7e-m+fp/hard\libm.a
END GROUP
START GROUP
LOAD c:/st/stm32cubeide_1.12.1/stm32cubeide/plugins/com.st.stm32cube.ide.mcu.externaltools.gnu-tools-for-stm32.10.3-2021.10.win32_1.0.200.202301161003/tools/bin/../lib/gcc/arm-none-eabi/10.3.1/thumb/v7e-m+fp/hard\libgcc.a
LOAD c:/st/stm32cubeide_1.12.1/stm32cubeide/plugins/com.st.stm32cube.ide.mcu.externaltools.gnu-tools-for-stm32.10.3-2021.10.win32_1.0.200.202301161003/tools/bin/../lib/gcc/arm-none-eabi/10.3.1/../../../../arm-none-eabi/lib/thumb/v7e-m+fp/hard\libc_nano.a
END GROUP
START GROUP
LOAD c:/st/stm32cubeide_1.12.1/stm32cubeide/plugins/com.st.stm32cube.ide.mcu.externaltools.gnu-tools-for-stm32.10.3-2021.10.win32_1.0.200.202301161003/tools/bin/../lib/gcc/arm-none-eabi/10.3.1/thumb/v7e-m+fp/hard\libgcc.a
LOAD c:/st/stm32cubeide_1.12.1/stm32cubeide/plugins/com.st.stm32cube.ide.mcu.externaltools.gnu-tools-for-stm32.10.3-2021.10.win32_1.0.200.202301161003/tools/bin/../lib/gcc/arm-none-eabi/10.3.1/../../../../arm-none-eabi/lib/thumb/v7e-m+fp/hard\libc_nano.a
LOAD c:/st/stm32cubeide_1.12.1/stm32cubeide/plugins/com.st.stm32cube.ide.mcu.externaltools.gnu-tools-for-stm32.10.3-2021.10.win32_1.0.200.202301161003/tools/bin/../lib/gcc/arm-none-eabi/10.3.1/../../../../arm-none-eabi/lib/thumb/v7e-m+fp/hard\libnosys.a
END GROUP
START GROUP
LOAD c:/st/stm32cubeide_1.12.1/stm32cubeide/plugins/com.st.stm32cube.ide.mcu.externaltools.gnu-tools-for-stm32.10.3-2021.10.win32_1.0.200.202301161003/tools/bin/../lib/gcc/arm-none-eabi/10.3.1/thumb/v7e-m+fp/hard\libgcc.a
LOAD c:/st/stm32cubeide_1.12.1/stm32cubeide/plugins/com.st.stm32cube.ide.mcu.externaltools.gnu-tools-for-stm32.10.3-2021.10.win32_1.0.200.202301161003/tools/bin/../lib/gcc/arm-none-eabi/10.3.1/../../../../arm-none-eabi/lib/thumb/v7e-m+fp/hard\libc_nano.a
LOAD c:/st/stm32cubeide_1.12.1/stm32cubeide/plugins/com.st.stm32cube.ide.mcu.externaltools.gnu-tools-for-stm32.10.3-2021.10.win32_1.0.200.202301161003/tools/bin/../lib/gcc/arm-none-eabi/10.3.1/../../../../arm-none-eabi/lib/thumb/v7e-m+fp/hard\libnosys.a
END GROUP
LOAD c:/st/stm32cubeide_1.12.1/stm32cubeide/plugins/com.st.stm32cube.ide.mcu.externaltools.gnu-tools-for-stm32.10.3-2021.10.win32_1.0.200.202301161003/tools/bin/../lib/gcc/arm-none-eabi/10.3.1/thumb/v7e-m+fp/hard/crtend.o
LOAD c:/st/stm32cubeide_1.12.1/stm32cubeide/plugins/com.st.stm32cube.ide.mcu.externaltools.gnu-tools-for-stm32.10.3-2021.10.win32_1.0.200.202301161003/tools/bin/../lib/gcc/arm-none-eabi/10.3.1/thumb/v7e-m+fp/hard/crtn.o
                0x0000000020005800                _estack = (ORIGIN (RAM) + LENGTH (RAM))
                0x0000000000000200                _Min_Heap_Size = 0x200
                0x0000000000000400                _Min_Stack_Size = 0x400

.isr_vector     0x0000000008000000      0x1d8
                0x0000000008000000                . = ALIGN (0x4)
 *(.isr_vector)
 .isr_vector    0x0000000008000000      0x1d8 ./Core/Startup/startup_stm32g431kbtx.o
                0x0000000008000000                g_pfnVectors
                0x00000000080001d8                . = ALIGN (0x4)

.text           0x00000000080001d8     0x2810
                0x00000000080001d8                . = ALIGN (0x4)
 *(.text)
 .text          0x00000000080001d8       0x40 c:/st/stm32cubeide_1.12.1/stm32cubeide/plugins/com.st.stm32cube.ide.mcu.externaltools.gnu-tools-for-stm32.10.3-2021.10.win32_1.0.200.202301161003/tools/bin/../lib/gcc/arm-none-eabi/10.3.1/thumb/v7e-m+fp/hard/crtbegin.o
 *(.text*)
 .text.dijkstra_init
                0x0000000008000218       0x9c ./Core/Src/dijkstra.o
                0x0000000008000218                dijkstra_init
 .text.dijkstra_return
                0x00000000080002b4       0x24 ./Core/Src/dijkstra.o
                0x00000000080002b4                dijkstra_return
 .text.dijkstra_enqueue
                0x00000000080002d8       0x9c ./Core/Src/dijkstra.o
                0x00000000080002d8                dijkstra_enqueue
 .text.dijkstra_dequeue
                0x0000000008000374       0x5c ./Core/Src/dijkstra.o
                0x0000000008000374                dijkstra_dequeue
 .text.dijkstra_qcount
                0x00000000080003d0       0x18 ./Core/Src/dijkstra.o
                0x00000000080003d0                dijkstra_qcount
 .text.dijkstra_find
                0x00000000080003e8      0x134 ./Core/Src/dijkstra.o
                0x00000000080003e8                dijkstra_find
 .text.dijkstra_main
                0x000000000800051c       0x88 ./Core/Src/dijkstra.o
                0x000000000800051c                dijkstra_main
 .text.main_dij
                0x00000000080005a4       0x16 ./Core/Src/dijkstra.o
                0x00000000080005a4                main_dij
 *fill*         0x00000000080005ba        0x2 
 .text.tested_code
                0x00000000080005bc       0x74 ./Core/Src/main.o
                0x00000000080005bc                tested_code
 .text.empty_cache
                0x0000000008000630       0x74 ./Core/Src/main.o
                0x0000000008000630                empty_cache
 .text.init_cache
                0x00000000080006a4       0x38 ./Core/Src/main.o
                0x00000000080006a4                init_cache
 .text.main     0x00000000080006dc       0xb0 ./Core/Src/main.o
                0x00000000080006dc                main
 .text.SystemClock_Config
                0x000000000800078c       0x9c ./Core/Src/main.o
                0x000000000800078c                SystemClock_Config
 .text.MX_RTC_Init
                0x0000000008000828       0x6c ./Core/Src/main.o
 .text.MX_GPIO_Init
                0x0000000008000894      0x118 ./Core/Src/main.o
 .text.Sleep    0x00000000080009ac       0x58 ./Core/Src/main.o
                0x00000000080009ac                Sleep
 .text.change_freq
                0x0000000008000a04      0x1c4 ./Core/Src/main.o
                0x0000000008000a04                change_freq
 .text.range1_to_range2
                0x0000000008000bc8       0x80 ./Core/Src/main.o
                0x0000000008000bc8                range1_to_range2
 .text.range2_to_range1
                0x0000000008000c48       0x58 ./Core/Src/main.o
                0x0000000008000c48                range2_to_range1
 .text.boost_mode
                0x0000000008000ca0       0x30 ./Core/Src/main.o
                0x0000000008000ca0                boost_mode
 .text.Error_Handler
                0x0000000008000cd0        0xa ./Core/Src/main.o
                0x0000000008000cd0                Error_Handler
 *fill*         0x0000000008000cda        0x2 
 .text.HAL_MspInit
                0x0000000008000cdc       0x48 ./Core/Src/stm32g4xx_hal_msp.o
                0x0000000008000cdc                HAL_MspInit
 .text.HAL_RTC_MspInit
                0x0000000008000d24       0x88 ./Core/Src/stm32g4xx_hal_msp.o
                0x0000000008000d24                HAL_RTC_MspInit
 .text.NMI_Handler
                0x0000000008000dac        0x6 ./Core/Src/stm32g4xx_it.o
                0x0000000008000dac                NMI_Handler
 .text.HardFault_Handler
                0x0000000008000db2        0x6 ./Core/Src/stm32g4xx_it.o
                0x0000000008000db2                HardFault_Handler
 .text.MemManage_Handler
                0x0000000008000db8        0x6 ./Core/Src/stm32g4xx_it.o
                0x0000000008000db8                MemManage_Handler
 .text.BusFault_Handler
                0x0000000008000dbe        0x6 ./Core/Src/stm32g4xx_it.o
                0x0000000008000dbe                BusFault_Handler
 .text.UsageFault_Handler
                0x0000000008000dc4        0x6 ./Core/Src/stm32g4xx_it.o
                0x0000000008000dc4                UsageFault_Handler
 .text.SVC_Handler
                0x0000000008000dca        0xe ./Core/Src/stm32g4xx_it.o
                0x0000000008000dca                SVC_Handler
 .text.DebugMon_Handler
                0x0000000008000dd8        0xe ./Core/Src/stm32g4xx_it.o
                0x0000000008000dd8                DebugMon_Handler
 .text.PendSV_Handler
                0x0000000008000de6        0xe ./Core/Src/stm32g4xx_it.o
                0x0000000008000de6                PendSV_Handler
 .text.SysTick_Handler
                0x0000000008000df4        0xc ./Core/Src/stm32g4xx_it.o
                0x0000000008000df4                SysTick_Handler
 .text.RTC_WKUP_IRQHandler
                0x0000000008000e00       0x14 ./Core/Src/stm32g4xx_it.o
                0x0000000008000e00                RTC_WKUP_IRQHandler
 .text.SystemInit
                0x0000000008000e14       0x24 ./Core/Src/system_stm32g4xx.o
                0x0000000008000e14                SystemInit
 .text.Reset_Handler
                0x0000000008000e38       0x50 ./Core/Startup/startup_stm32g431kbtx.o
                0x0000000008000e38                Reset_Handler
 .text.Default_Handler
                0x0000000008000e88        0x2 ./Core/Startup/startup_stm32g431kbtx.o
                0x0000000008000e88                RTC_Alarm_IRQHandler
                0x0000000008000e88                EXTI2_IRQHandler
                0x0000000008000e88                TIM8_TRG_COM_IRQHandler
                0x0000000008000e88                TIM8_CC_IRQHandler
                0x0000000008000e88                TIM1_CC_IRQHandler
                0x0000000008000e88                USB_HP_IRQHandler
                0x0000000008000e88                CORDIC_IRQHandler
                0x0000000008000e88                EXTI3_IRQHandler
                0x0000000008000e88                I2C3_ER_IRQHandler
                0x0000000008000e88                EXTI0_IRQHandler
                0x0000000008000e88                I2C2_EV_IRQHandler
                0x0000000008000e88                FPU_IRQHandler
                0x0000000008000e88                FDCAN1_IT1_IRQHandler
                0x0000000008000e88                TIM1_UP_TIM16_IRQHandler
                0x0000000008000e88                ADC1_2_IRQHandler
                0x0000000008000e88                SPI1_IRQHandler
                0x0000000008000e88                TIM6_DAC_IRQHandler
                0x0000000008000e88                TIM8_UP_IRQHandler
                0x0000000008000e88                DMA2_Channel2_IRQHandler
                0x0000000008000e88                DMA1_Channel4_IRQHandler
                0x0000000008000e88                USART3_IRQHandler
                0x0000000008000e88                TIM4_IRQHandler
                0x0000000008000e88                DMA2_Channel1_IRQHandler
                0x0000000008000e88                I2C1_EV_IRQHandler
                0x0000000008000e88                DMA1_Channel6_IRQHandler
                0x0000000008000e88                UART4_IRQHandler
                0x0000000008000e88                DMA2_Channel4_IRQHandler
                0x0000000008000e88                TIM3_IRQHandler
                0x0000000008000e88                RCC_IRQHandler
                0x0000000008000e88                DMA1_Channel1_IRQHandler
                0x0000000008000e88                Default_Handler
                0x0000000008000e88                RTC_TAMP_LSECSS_IRQHandler
                0x0000000008000e88                FMAC_IRQHandler
                0x0000000008000e88                EXTI15_10_IRQHandler
                0x0000000008000e88                TIM7_IRQHandler
                0x0000000008000e88                UCPD1_IRQHandler
                0x0000000008000e88                I2C3_EV_IRQHandler
                0x0000000008000e88                EXTI9_5_IRQHandler
                0x0000000008000e88                PVD_PVM_IRQHandler
                0x0000000008000e88                SPI2_IRQHandler
                0x0000000008000e88                DMA2_Channel5_IRQHandler
                0x0000000008000e88                CRS_IRQHandler
                0x0000000008000e88                DMA1_Channel5_IRQHandler
                0x0000000008000e88                USB_LP_IRQHandler
                0x0000000008000e88                EXTI4_IRQHandler
                0x0000000008000e88                RNG_IRQHandler
                0x0000000008000e88                TIM1_TRG_COM_TIM17_IRQHandler
                0x0000000008000e88                DMA1_Channel3_IRQHandler
                0x0000000008000e88                WWDG_IRQHandler
                0x0000000008000e88                LPUART1_IRQHandler
                0x0000000008000e88                DMA2_Channel6_IRQHandler
                0x0000000008000e88                FDCAN1_IT0_IRQHandler
                0x0000000008000e88                TIM2_IRQHandler
                0x0000000008000e88                COMP1_2_3_IRQHandler
                0x0000000008000e88                EXTI1_IRQHandler
                0x0000000008000e88                USART2_IRQHandler
                0x0000000008000e88                I2C2_ER_IRQHandler
                0x0000000008000e88                DMA1_Channel2_IRQHandler
                0x0000000008000e88                TIM8_BRK_IRQHandler
                0x0000000008000e88                FLASH_IRQHandler
                0x0000000008000e88                USART1_IRQHandler
                0x0000000008000e88                SPI3_IRQHandler
                0x0000000008000e88                I2C1_ER_IRQHandler
                0x0000000008000e88                LPTIM1_IRQHandler
                0x0000000008000e88                DMAMUX_OVR_IRQHandler
                0x0000000008000e88                USBWakeUp_IRQHandler
                0x0000000008000e88                SAI1_IRQHandler
                0x0000000008000e88                DMA2_Channel3_IRQHandler
                0x0000000008000e88                COMP4_IRQHandler
                0x0000000008000e88                TIM1_BRK_TIM15_IRQHandler
 .text.HAL_Init
                0x0000000008000e8a       0x30 ./Drivers/STM32G4xx_HAL_Driver/Src/stm32g4xx_hal.o
                0x0000000008000e8a                HAL_Init
 *fill*         0x0000000008000eba        0x2 
 .text.HAL_InitTick
                0x0000000008000ebc       0x74 ./Drivers/STM32G4xx_HAL_Driver/Src/stm32g4xx_hal.o
                0x0000000008000ebc                HAL_InitTick
 .text.HAL_IncTick
                0x0000000008000f30       0x24 ./Drivers/STM32G4xx_HAL_Driver/Src/stm32g4xx_hal.o
                0x0000000008000f30                HAL_IncTick
 .text.HAL_GetTick
                0x0000000008000f54       0x18 ./Drivers/STM32G4xx_HAL_Driver/Src/stm32g4xx_hal.o
                0x0000000008000f54                HAL_GetTick
 .text.HAL_SuspendTick
                0x0000000008000f6c       0x20 ./Drivers/STM32G4xx_HAL_Driver/Src/stm32g4xx_hal.o
                0x0000000008000f6c                HAL_SuspendTick
 .text.HAL_ResumeTick
                0x0000000008000f8c       0x20 ./Drivers/STM32G4xx_HAL_Driver/Src/stm32g4xx_hal.o
                0x0000000008000f8c                HAL_ResumeTick
 .text.__NVIC_SetPriorityGrouping
                0x0000000008000fac       0x48 ./Drivers/STM32G4xx_HAL_Driver/Src/stm32g4xx_hal_cortex.o
 .text.__NVIC_GetPriorityGrouping
                0x0000000008000ff4       0x1c ./Drivers/STM32G4xx_HAL_Driver/Src/stm32g4xx_hal_cortex.o
 .text.__NVIC_EnableIRQ
                0x0000000008001010       0x3c ./Drivers/STM32G4xx_HAL_Driver/Src/stm32g4xx_hal_cortex.o
 .text.__NVIC_SetPriority
                0x000000000800104c       0x54 ./Drivers/STM32G4xx_HAL_Driver/Src/stm32g4xx_hal_cortex.o
 .text.NVIC_EncodePriority
                0x00000000080010a0       0x66 ./Drivers/STM32G4xx_HAL_Driver/Src/stm32g4xx_hal_cortex.o
 *fill*         0x0000000008001106        0x2 
 .text.SysTick_Config
                0x0000000008001108       0x44 ./Drivers/STM32G4xx_HAL_Driver/Src/stm32g4xx_hal_cortex.o
 .text.HAL_NVIC_SetPriorityGrouping
                0x000000000800114c       0x16 ./Drivers/STM32G4xx_HAL_Driver/Src/stm32g4xx_hal_cortex.o
                0x000000000800114c                HAL_NVIC_SetPriorityGrouping
 .text.HAL_NVIC_SetPriority
                0x0000000008001162       0x34 ./Drivers/STM32G4xx_HAL_Driver/Src/stm32g4xx_hal_cortex.o
                0x0000000008001162                HAL_NVIC_SetPriority
 .text.HAL_NVIC_EnableIRQ
                0x0000000008001196       0x1c ./Drivers/STM32G4xx_HAL_Driver/Src/stm32g4xx_hal_cortex.o
                0x0000000008001196                HAL_NVIC_EnableIRQ
 .text.HAL_SYSTICK_Config
                0x00000000080011b2       0x18 ./Drivers/STM32G4xx_HAL_Driver/Src/stm32g4xx_hal_cortex.o
                0x00000000080011b2                HAL_SYSTICK_Config
 *fill*         0x00000000080011ca        0x2 
 .text.HAL_GPIO_Init
                0x00000000080011cc      0x304 ./Drivers/STM32G4xx_HAL_Driver/Src/stm32g4xx_hal_gpio.o
                0x00000000080011cc                HAL_GPIO_Init
 .text.HAL_PWR_EnterSTOPMode
                0x00000000080014d0       0x2e ./Drivers/STM32G4xx_HAL_Driver/Src/stm32g4xx_hal_pwr.o
                0x00000000080014d0                HAL_PWR_EnterSTOPMode
 *fill*         0x00000000080014fe        0x2 
 .text.HAL_PWREx_ControlVoltageScaling
                0x0000000008001500      0x148 ./Drivers/STM32G4xx_HAL_Driver/Src/stm32g4xx_hal_pwr_ex.o
                0x0000000008001500                HAL_PWREx_ControlVoltageScaling
 .text.HAL_PWREx_EnterSTOP0Mode
                0x0000000008001648       0x54 ./Drivers/STM32G4xx_HAL_Driver/Src/stm32g4xx_hal_pwr_ex.o
                0x0000000008001648                HAL_PWREx_EnterSTOP0Mode
 .text.HAL_PWREx_EnterSTOP1Mode
                0x000000000800169c       0x58 ./Drivers/STM32G4xx_HAL_Driver/Src/stm32g4xx_hal_pwr_ex.o
                0x000000000800169c                HAL_PWREx_EnterSTOP1Mode
 .text.HAL_RCC_OscConfig
                0x00000000080016f4      0x630 ./Drivers/STM32G4xx_HAL_Driver/Src/stm32g4xx_hal_rcc.o
                0x00000000080016f4                HAL_RCC_OscConfig
 .text.HAL_RCC_ClockConfig
                0x0000000008001d24      0x278 ./Drivers/STM32G4xx_HAL_Driver/Src/stm32g4xx_hal_rcc.o
                0x0000000008001d24                HAL_RCC_ClockConfig
 .text.HAL_RCC_GetSysClockFreq
                0x0000000008001f9c       0xc4 ./Drivers/STM32G4xx_HAL_Driver/Src/stm32g4xx_hal_rcc.o
                0x0000000008001f9c                HAL_RCC_GetSysClockFreq
 .text.HAL_RCC_GetClockConfig
                0x0000000008002060       0x64 ./Drivers/STM32G4xx_HAL_Driver/Src/stm32g4xx_hal_rcc.o
                0x0000000008002060                HAL_RCC_GetClockConfig
 .text.RCC_GetSysClockFreqFromPLLSource
                0x00000000080020c4       0x8c ./Drivers/STM32G4xx_HAL_Driver/Src/stm32g4xx_hal_rcc.o
 .text.HAL_RCCEx_PeriphCLKConfig
                0x0000000008002150      0x3e0 ./Drivers/STM32G4xx_HAL_Driver/Src/stm32g4xx_hal_rcc_ex.o
                0x0000000008002150                HAL_RCCEx_PeriphCLKConfig
 .text.HAL_RTC_Init
                0x0000000008002530       0xea ./Drivers/STM32G4xx_HAL_Driver/Src/stm32g4xx_hal_rtc.o
                0x0000000008002530                HAL_RTC_Init
 .text.HAL_RTC_WaitForSynchro
                0x000000000800261a       0x4c ./Drivers/STM32G4xx_HAL_Driver/Src/stm32g4xx_hal_rtc.o
                0x000000000800261a                HAL_RTC_WaitForSynchro
 .text.RTC_EnterInitMode
                0x0000000008002666       0x6c ./Drivers/STM32G4xx_HAL_Driver/Src/stm32g4xx_hal_rtc.o
                0x0000000008002666                RTC_EnterInitMode
 .text.RTC_ExitInitMode
                0x00000000080026d2       0x86 ./Drivers/STM32G4xx_HAL_Driver/Src/stm32g4xx_hal_rtc.o
                0x00000000080026d2                RTC_ExitInitMode
 .text.HAL_RTCEx_SetWakeUpTimer_IT
                0x0000000008002758      0x10c ./Drivers/STM32G4xx_HAL_Driver/Src/stm32g4xx_hal_rtc_ex.o
                0x0000000008002758                HAL_RTCEx_SetWakeUpTimer_IT
 .text.HAL_RTCEx_DeactivateWakeUpTimer
                0x0000000008002864       0xb8 ./Drivers/STM32G4xx_HAL_Driver/Src/stm32g4xx_hal_rtc_ex.o
                0x0000000008002864                HAL_RTCEx_DeactivateWakeUpTimer
 .text.HAL_RTCEx_WakeUpTimerIRQHandler
                0x000000000800291c       0x40 ./Drivers/STM32G4xx_HAL_Driver/Src/stm32g4xx_hal_rtc_ex.o
                0x000000000800291c                HAL_RTCEx_WakeUpTimerIRQHandler
 .text.HAL_RTCEx_WakeUpTimerEventCallback
                0x000000000800295c       0x14 ./Drivers/STM32G4xx_HAL_Driver/Src/stm32g4xx_hal_rtc_ex.o
                0x000000000800295c                HAL_RTCEx_WakeUpTimerEventCallback
 .text.__libc_init_array
                0x0000000008002970       0x48 c:/st/stm32cubeide_1.12.1/stm32cubeide/plugins/com.st.stm32cube.ide.mcu.externaltools.gnu-tools-for-stm32.10.3-2021.10.win32_1.0.200.202301161003/tools/bin/../lib/gcc/arm-none-eabi/10.3.1/../../../../arm-none-eabi/lib/thumb/v7e-m+fp/hard\libc_nano.a(lib_a-init.o)
                0x0000000008002970                __libc_init_array
 .text.memset   0x00000000080029b8       0x10 c:/st/stm32cubeide_1.12.1/stm32cubeide/plugins/com.st.stm32cube.ide.mcu.externaltools.gnu-tools-for-stm32.10.3-2021.10.win32_1.0.200.202301161003/tools/bin/../lib/gcc/arm-none-eabi/10.3.1/../../../../arm-none-eabi/lib/thumb/v7e-m+fp/hard\libc_nano.a(lib_a-memset.o)
                0x00000000080029b8                memset
 *(.glue_7)
 .glue_7        0x00000000080029c8        0x0 linker stubs
 *(.glue_7t)
 .glue_7t       0x00000000080029c8        0x0 linker stubs
 *(.eh_frame)
 .eh_frame      0x00000000080029c8        0x0 c:/st/stm32cubeide_1.12.1/stm32cubeide/plugins/com.st.stm32cube.ide.mcu.externaltools.gnu-tools-for-stm32.10.3-2021.10.win32_1.0.200.202301161003/tools/bin/../lib/gcc/arm-none-eabi/10.3.1/thumb/v7e-m+fp/hard/crtbegin.o
 *(.init)
 .init          0x00000000080029c8        0x4 c:/st/stm32cubeide_1.12.1/stm32cubeide/plugins/com.st.stm32cube.ide.mcu.externaltools.gnu-tools-for-stm32.10.3-2021.10.win32_1.0.200.202301161003/tools/bin/../lib/gcc/arm-none-eabi/10.3.1/thumb/v7e-m+fp/hard/crti.o
                0x00000000080029c8                _init
 .init          0x00000000080029cc        0x8 c:/st/stm32cubeide_1.12.1/stm32cubeide/plugins/com.st.stm32cube.ide.mcu.externaltools.gnu-tools-for-stm32.10.3-2021.10.win32_1.0.200.202301161003/tools/bin/../lib/gcc/arm-none-eabi/10.3.1/thumb/v7e-m+fp/hard/crtn.o
 *(.fini)
 .fini          0x00000000080029d4        0x4 c:/st/stm32cubeide_1.12.1/stm32cubeide/plugins/com.st.stm32cube.ide.mcu.externaltools.gnu-tools-for-stm32.10.3-2021.10.win32_1.0.200.202301161003/tools/bin/../lib/gcc/arm-none-eabi/10.3.1/thumb/v7e-m+fp/hard/crti.o
                0x00000000080029d4                _fini
 .fini          0x00000000080029d8        0x8 c:/st/stm32cubeide_1.12.1/stm32cubeide/plugins/com.st.stm32cube.ide.mcu.externaltools.gnu-tools-for-stm32.10.3-2021.10.win32_1.0.200.202301161003/tools/bin/../lib/gcc/arm-none-eabi/10.3.1/thumb/v7e-m+fp/hard/crtn.o
 .fini.__stub   0x00000000080029e0        0x8 linker stubs
                0x00000000080029e8                . = ALIGN (0x4)
                0x00000000080029e8                _etext = .

.vfp11_veneer   0x00000000080029e8        0x0
 .vfp11_veneer  0x00000000080029e8        0x0 linker stubs

.v4_bx          0x00000000080029e8        0x0
 .v4_bx         0x00000000080029e8        0x0 linker stubs

.iplt           0x00000000080029e8        0x0
 .iplt          0x00000000080029e8        0x0 c:/st/stm32cubeide_1.12.1/stm32cubeide/plugins/com.st.stm32cube.ide.mcu.externaltools.gnu-tools-for-stm32.10.3-2021.10.win32_1.0.200.202301161003/tools/bin/../lib/gcc/arm-none-eabi/10.3.1/thumb/v7e-m+fp/hard/crtbegin.o

.rodata         0x00000000080029e8       0x90
                0x00000000080029e8                . = ALIGN (0x4)
 *(.rodata)
 .rodata        0x00000000080029e8       0x80 ./Core/Src/main.o
 *(.rodata*)
 .rodata.AHBPrescTable
                0x0000000008002a68       0x10 ./Core/Src/system_stm32g4xx.o
                0x0000000008002a68                AHBPrescTable
                0x0000000008002a78                . = ALIGN (0x4)

.ARM.extab      0x0000000008002a78        0x0
                0x0000000008002a78                . = ALIGN (0x4)
 *(.ARM.extab* .gnu.linkonce.armextab.*)
                0x0000000008002a78                . = ALIGN (0x4)

.ARM            0x0000000008002a78        0x0
                0x0000000008002a78                . = ALIGN (0x4)
                0x0000000008002a78                __exidx_start = .
 *(.ARM.exidx*)
                0x0000000008002a78                __exidx_end = .
                0x0000000008002a78                . = ALIGN (0x4)

.preinit_array  0x0000000008002a78        0x0
                0x0000000008002a78                . = ALIGN (0x4)
                0x0000000008002a78                PROVIDE (__preinit_array_start = .)
 *(.preinit_array*)
                0x0000000008002a78                PROVIDE (__preinit_array_end = .)
                0x0000000008002a78                . = ALIGN (0x4)

.init_array     0x0000000008002a78        0x4
                0x0000000008002a78                . = ALIGN (0x4)
                0x0000000008002a78                PROVIDE (__init_array_start = .)
 *(SORT_BY_NAME(.init_array.*))
 *(.init_array*)
 .init_array    0x0000000008002a78        0x4 c:/st/stm32cubeide_1.12.1/stm32cubeide/plugins/com.st.stm32cube.ide.mcu.externaltools.gnu-tools-for-stm32.10.3-2021.10.win32_1.0.200.202301161003/tools/bin/../lib/gcc/arm-none-eabi/10.3.1/thumb/v7e-m+fp/hard/crtbegin.o
                0x0000000008002a7c                PROVIDE (__init_array_end = .)
                0x0000000008002a7c                . = ALIGN (0x4)

.fini_array     0x0000000008002a7c        0x4
                0x0000000008002a7c                . = ALIGN (0x4)
                [!provide]                        PROVIDE (__fini_array_start = .)
 *(SORT_BY_NAME(.fini_array.*))
 *(.fini_array*)
 .fini_array    0x0000000008002a7c        0x4 c:/st/stm32cubeide_1.12.1/stm32cubeide/plugins/com.st.stm32cube.ide.mcu.externaltools.gnu-tools-for-stm32.10.3-2021.10.win32_1.0.200.202301161003/tools/bin/../lib/gcc/arm-none-eabi/10.3.1/thumb/v7e-m+fp/hard/crtbegin.o
                [!provide]                        PROVIDE (__fini_array_end = .)
                0x0000000008002a80                . = ALIGN (0x4)
                0x0000000008002a80                _sidata = LOADADDR (.data)

.data           0x0000000020000000      0xe1c load address 0x0000000008002a80
                0x0000000020000000                . = ALIGN (0x4)
                0x0000000020000000                _sdata = .
 *(.data)
 *(.data*)
 .data.dijkstra_AdjMatrix
                0x0000000020000000      0xe10 ./Core/Src/input.o
                0x0000000020000000                dijkstra_AdjMatrix
 .data.SystemCoreClock
                0x0000000020000e10        0x4 ./Core/Src/system_stm32g4xx.o
                0x0000000020000e10                SystemCoreClock
 .data.uwTickPrio
                0x0000000020000e14        0x4 ./Drivers/STM32G4xx_HAL_Driver/Src/stm32g4xx_hal.o
                0x0000000020000e14                uwTickPrio
 .data.uwTickFreq
                0x0000000020000e18        0x4 ./Drivers/STM32G4xx_HAL_Driver/Src/stm32g4xx_hal.o
                0x0000000020000e18                uwTickFreq
 *(.RamFunc)
 *(.RamFunc*)
                0x0000000020000e1c                . = ALIGN (0x4)
                0x0000000020000e1c                _edata = .
                0x0000000010000000                _siccmram = LOADADDR (.ccmram)

.igot.plt       0x0000000020000e1c        0x0 load address 0x000000000800389c
 .igot.plt      0x0000000020000e1c        0x0 c:/st/stm32cubeide_1.12.1/stm32cubeide/plugins/com.st.stm32cube.ide.mcu.externaltools.gnu-tools-for-stm32.10.3-2021.10.win32_1.0.200.202301161003/tools/bin/../lib/gcc/arm-none-eabi/10.3.1/thumb/v7e-m+fp/hard/crtbegin.o

.ccmram         0x0000000010000000      0x3a4
                0x0000000010000000                . = ALIGN (0x4)
                0x0000000010000000                _sccmram = .
 *(.ccmram)
 .ccmram        0x0000000010000000      0x3a4 ./Core/Src/dijkstra.o
                0x0000000010000000                dijkstra_init_ccm
                0x000000001000009c                dijkstra_return_ccm
                0x00000000100000c0                dijkstra_enqueue_ccm
                0x000000001000015c                dijkstra_dequeue_ccm
                0x00000000100001b8                dijkstra_qcount_ccm
                0x00000000100001d0                dijkstra_find_ccm
                0x0000000010000304                dijkstra_main_ccm
                0x000000001000038c                main_dij_ccm
                0x00000000100003a4                . = ALIGN (0x4)
                0x00000000100003a4                _eccmram = .

.rel.dyn        0x00000000100003a4        0x0
 .rel.iplt      0x00000000100003a4        0x0 c:/st/stm32cubeide_1.12.1/stm32cubeide/plugins/com.st.stm32cube.ide.mcu.externaltools.gnu-tools-for-stm32.10.3-2021.10.win32_1.0.200.202301161003/tools/bin/../lib/gcc/arm-none-eabi/10.3.1/thumb/v7e-m+fp/hard/crtbegin.o

.ccmramdata     0x00000000100003a4        0x0
                0x00000000100003a4                . = ALIGN (0x4)
                0x00000000100003a4                _sccmramdata = .
 *(.ccmramdata)
                0x00000000100003a4                . = ALIGN (0x4)
                0x00000000100003a4                _eccmramdata = .
                0x00000000100003a4                . = ALIGN (0x4)

.bss            0x0000000020000e1c     0x40bc
                0x0000000020000e1c                _sbss = .
                0x0000000020000e1c                __bss_start__ = _sbss
 *(.bss)
 .bss           0x0000000020000e1c       0x1c c:/st/stm32cubeide_1.12.1/stm32cubeide/plugins/com.st.stm32cube.ide.mcu.externaltools.gnu-tools-for-stm32.10.3-2021.10.win32_1.0.200.202301161003/tools/bin/../lib/gcc/arm-none-eabi/10.3.1/thumb/v7e-m+fp/hard/crtbegin.o
 *(.bss*)
 .bss.dijkstra_rgnNodes
                0x0000000020000e38      0x1e0 ./Core/Src/dijkstra.o
                0x0000000020000e38                dijkstra_rgnNodes
 .bss.dijkstra_queueCount
                0x0000000020001018        0x4 ./Core/Src/dijkstra.o
                0x0000000020001018                dijkstra_queueCount
 .bss.dijkstra_queueNext
                0x000000002000101c        0x4 ./Core/Src/dijkstra.o
                0x000000002000101c                dijkstra_queueNext
 .bss.dijkstra_queueHead
                0x0000000020001020        0x4 ./Core/Src/dijkstra.o
                0x0000000020001020                dijkstra_queueHead
 .bss.dijkstra_queueItems
                0x0000000020001024     0x3e80 ./Core/Src/dijkstra.o
                0x0000000020001024                dijkstra_queueItems
 .bss.dijkstra_checksum
                0x0000000020004ea4        0x4 ./Core/Src/dijkstra.o
                0x0000000020004ea4                dijkstra_checksum
 .bss.hrtc      0x0000000020004ea8       0x28 ./Core/Src/main.o
                0x0000000020004ea8                hrtc
 .bss.current_frequency
                0x0000000020004ed0        0x4 ./Core/Src/main.o
                0x0000000020004ed0                current_frequency
 .bss.uwTick    0x0000000020004ed4        0x4 ./Drivers/STM32G4xx_HAL_Driver/Src/stm32g4xx_hal.o
                0x0000000020004ed4                uwTick
 *(COMMON)
                0x0000000020004ed8                . = ALIGN (0x4)
                0x0000000020004ed8                _ebss = .
                0x0000000020004ed8                __bss_end__ = _ebss

._user_heap_stack
                0x0000000020004ed8      0x600
                0x0000000020004ed8                . = ALIGN (0x8)
                [!provide]                        PROVIDE (end = .)
                0x0000000020004ed8                PROVIDE (_end = .)
                0x00000000200050d8                . = (. + _Min_Heap_Size)
 *fill*         0x0000000020004ed8      0x200 
                0x00000000200054d8                . = (. + _Min_Stack_Size)
 *fill*         0x00000000200050d8      0x400 
                0x00000000200054d8                . = ALIGN (0x8)

/DISCARD/
 libc.a(*)
 libm.a(*)
 libgcc.a(*)

.ARM.attributes
                0x0000000000000000       0x30
 *(.ARM.attributes)
 .ARM.attributes
                0x0000000000000000       0x1e c:/st/stm32cubeide_1.12.1/stm32cubeide/plugins/com.st.stm32cube.ide.mcu.externaltools.gnu-tools-for-stm32.10.3-2021.10.win32_1.0.200.202301161003/tools/bin/../lib/gcc/arm-none-eabi/10.3.1/thumb/v7e-m+fp/hard/crti.o
 .ARM.attributes
                0x000000000000001e       0x34 c:/st/stm32cubeide_1.12.1/stm32cubeide/plugins/com.st.stm32cube.ide.mcu.externaltools.gnu-tools-for-stm32.10.3-2021.10.win32_1.0.200.202301161003/tools/bin/../lib/gcc/arm-none-eabi/10.3.1/thumb/v7e-m+fp/hard/crtbegin.o
 .ARM.attributes
                0x0000000000000052       0x34 ./Core/Src/dijkstra.o
 .ARM.attributes
                0x0000000000000086       0x34 ./Core/Src/input.o
 .ARM.attributes
                0x00000000000000ba       0x34 ./Core/Src/main.o
 .ARM.attributes
                0x00000000000000ee       0x34 ./Core/Src/stm32g4xx_hal_msp.o
 .ARM.attributes
                0x0000000000000122       0x34 ./Core/Src/stm32g4xx_it.o
 .ARM.attributes
                0x0000000000000156       0x34 ./Core/Src/system_stm32g4xx.o
 .ARM.attributes
                0x000000000000018a       0x21 ./Core/Startup/startup_stm32g431kbtx.o
 .ARM.attributes
                0x00000000000001ab       0x34 ./Drivers/STM32G4xx_HAL_Driver/Src/stm32g4xx_hal.o
 .ARM.attributes
                0x00000000000001df       0x34 ./Drivers/STM32G4xx_HAL_Driver/Src/stm32g4xx_hal_cortex.o
 .ARM.attributes
                0x0000000000000213       0x34 ./Drivers/STM32G4xx_HAL_Driver/Src/stm32g4xx_hal_gpio.o
 .ARM.attributes
                0x0000000000000247       0x34 ./Drivers/STM32G4xx_HAL_Driver/Src/stm32g4xx_hal_pwr.o
 .ARM.attributes
                0x000000000000027b       0x34 ./Drivers/STM32G4xx_HAL_Driver/Src/stm32g4xx_hal_pwr_ex.o
 .ARM.attributes
                0x00000000000002af       0x34 ./Drivers/STM32G4xx_HAL_Driver/Src/stm32g4xx_hal_rcc.o
 .ARM.attributes
                0x00000000000002e3       0x34 ./Drivers/STM32G4xx_HAL_Driver/Src/stm32g4xx_hal_rcc_ex.o
 .ARM.attributes
                0x0000000000000317       0x34 ./Drivers/STM32G4xx_HAL_Driver/Src/stm32g4xx_hal_rtc.o
 .ARM.attributes
                0x000000000000034b       0x34 ./Drivers/STM32G4xx_HAL_Driver/Src/stm32g4xx_hal_rtc_ex.o
 .ARM.attributes
                0x000000000000037f       0x34 c:/st/stm32cubeide_1.12.1/stm32cubeide/plugins/com.st.stm32cube.ide.mcu.externaltools.gnu-tools-for-stm32.10.3-2021.10.win32_1.0.200.202301161003/tools/bin/../lib/gcc/arm-none-eabi/10.3.1/../../../../arm-none-eabi/lib/thumb/v7e-m+fp/hard\libc_nano.a(lib_a-init.o)
 .ARM.attributes
                0x00000000000003b3       0x34 c:/st/stm32cubeide_1.12.1/stm32cubeide/plugins/com.st.stm32cube.ide.mcu.externaltools.gnu-tools-for-stm32.10.3-2021.10.win32_1.0.200.202301161003/tools/bin/../lib/gcc/arm-none-eabi/10.3.1/../../../../arm-none-eabi/lib/thumb/v7e-m+fp/hard\libc_nano.a(lib_a-memset.o)
 .ARM.attributes
                0x00000000000003e7       0x1e c:/st/stm32cubeide_1.12.1/stm32cubeide/plugins/com.st.stm32cube.ide.mcu.externaltools.gnu-tools-for-stm32.10.3-2021.10.win32_1.0.200.202301161003/tools/bin/../lib/gcc/arm-none-eabi/10.3.1/thumb/v7e-m+fp/hard/crtn.o
OUTPUT(test_32g.elf elf32-littlearm)
LOAD linker stubs
LOAD c:/st/stm32cubeide_1.12.1/stm32cubeide/plugins/com.st.stm32cube.ide.mcu.externaltools.gnu-tools-for-stm32.10.3-2021.10.win32_1.0.200.202301161003/tools/bin/../lib/gcc/arm-none-eabi/10.3.1/../../../../arm-none-eabi/lib/thumb/v7e-m+fp/hard\libc.a
LOAD c:/st/stm32cubeide_1.12.1/stm32cubeide/plugins/com.st.stm32cube.ide.mcu.externaltools.gnu-tools-for-stm32.10.3-2021.10.win32_1.0.200.202301161003/tools/bin/../lib/gcc/arm-none-eabi/10.3.1/../../../../arm-none-eabi/lib/thumb/v7e-m+fp/hard\libm.a
LOAD c:/st/stm32cubeide_1.12.1/stm32cubeide/plugins/com.st.stm32cube.ide.mcu.externaltools.gnu-tools-for-stm32.10.3-2021.10.win32_1.0.200.202301161003/tools/bin/../lib/gcc/arm-none-eabi/10.3.1/thumb/v7e-m+fp/hard\libgcc.a

.debug_info     0x0000000000000000     0x96dc
 .debug_info    0x0000000000000000      0x53e ./Core/Src/dijkstra.o
 .debug_info    0x000000000000053e       0x60 ./Core/Src/input.o
 .debug_info    0x000000000000059e      0xf58 ./Core/Src/main.o
 .debug_info    0x00000000000014f6      0x9bb ./Core/Src/stm32g4xx_hal_msp.o
 .debug_info    0x0000000000001eb1      0x40d ./Core/Src/stm32g4xx_it.o
 .debug_info    0x00000000000022be      0x59f ./Core/Src/system_stm32g4xx.o
 .debug_info    0x000000000000285d       0x22 ./Core/Startup/startup_stm32g431kbtx.o
 .debug_info    0x000000000000287f      0xae3 ./Drivers/STM32G4xx_HAL_Driver/Src/stm32g4xx_hal.o
 .debug_info    0x0000000000003362      0xdc4 ./Drivers/STM32G4xx_HAL_Driver/Src/stm32g4xx_hal_cortex.o
 .debug_info    0x0000000000004126      0x82f ./Drivers/STM32G4xx_HAL_Driver/Src/stm32g4xx_hal_gpio.o
 .debug_info    0x0000000000004955      0x961 ./Drivers/STM32G4xx_HAL_Driver/Src/stm32g4xx_hal_pwr.o
 .debug_info    0x00000000000052b6      0x983 ./Drivers/STM32G4xx_HAL_Driver/Src/stm32g4xx_hal_pwr_ex.o
 .debug_info    0x0000000000005c39      0xc53 ./Drivers/STM32G4xx_HAL_Driver/Src/stm32g4xx_hal_rcc.o
 .debug_info    0x000000000000688c      0xcfe ./Drivers/STM32G4xx_HAL_Driver/Src/stm32g4xx_hal_rcc_ex.o
 .debug_info    0x000000000000758a      0xe8a ./Drivers/STM32G4xx_HAL_Driver/Src/stm32g4xx_hal_rtc.o
 .debug_info    0x0000000000008414     0x12c8 ./Drivers/STM32G4xx_HAL_Driver/Src/stm32g4xx_hal_rtc_ex.o

.debug_abbrev   0x0000000000000000     0x1d54
 .debug_abbrev  0x0000000000000000      0x1c6 ./Core/Src/dijkstra.o
 .debug_abbrev  0x00000000000001c6       0x52 ./Core/Src/input.o
 .debug_abbrev  0x0000000000000218      0x328 ./Core/Src/main.o
 .debug_abbrev  0x0000000000000540      0x183 ./Core/Src/stm32g4xx_hal_msp.o
 .debug_abbrev  0x00000000000006c3      0x13e ./Core/Src/stm32g4xx_it.o
 .debug_abbrev  0x0000000000000801      0x116 ./Core/Src/system_stm32g4xx.o
 .debug_abbrev  0x0000000000000917       0x12 ./Core/Startup/startup_stm32g431kbtx.o
 .debug_abbrev  0x0000000000000929      0x269 ./Drivers/STM32G4xx_HAL_Driver/Src/stm32g4xx_hal.o
 .debug_abbrev  0x0000000000000b92      0x30d ./Drivers/STM32G4xx_HAL_Driver/Src/stm32g4xx_hal_cortex.o
 .debug_abbrev  0x0000000000000e9f      0x1bb ./Drivers/STM32G4xx_HAL_Driver/Src/stm32g4xx_hal_gpio.o
 .debug_abbrev  0x000000000000105a      0x1c0 ./Drivers/STM32G4xx_HAL_Driver/Src/stm32g4xx_hal_pwr.o
 .debug_abbrev  0x000000000000121a      0x229 ./Drivers/STM32G4xx_HAL_Driver/Src/stm32g4xx_hal_pwr_ex.o
 .debug_abbrev  0x0000000000001443      0x2bd ./Drivers/STM32G4xx_HAL_Driver/Src/stm32g4xx_hal_rcc.o
 .debug_abbrev  0x0000000000001700      0x247 ./Drivers/STM32G4xx_HAL_Driver/Src/stm32g4xx_hal_rcc_ex.o
 .debug_abbrev  0x0000000000001947      0x1ee ./Drivers/STM32G4xx_HAL_Driver/Src/stm32g4xx_hal_rtc.o
 .debug_abbrev  0x0000000000001b35      0x21f ./Drivers/STM32G4xx_HAL_Driver/Src/stm32g4xx_hal_rtc_ex.o

.debug_aranges  0x0000000000000000      0xa38
 .debug_aranges
                0x0000000000000000       0x98 ./Core/Src/dijkstra.o
 .debug_aranges
                0x0000000000000098       0x18 ./Core/Src/input.o
 .debug_aranges
                0x00000000000000b0       0x80 ./Core/Src/main.o
 .debug_aranges
                0x0000000000000130       0x30 ./Core/Src/stm32g4xx_hal_msp.o
 .debug_aranges
                0x0000000000000160       0x68 ./Core/Src/stm32g4xx_it.o
 .debug_aranges
                0x00000000000001c8       0x28 ./Core/Src/system_stm32g4xx.o
 .debug_aranges
                0x00000000000001f0       0x28 ./Core/Startup/startup_stm32g431kbtx.o
 .debug_aranges
                0x0000000000000218      0x130 ./Drivers/STM32G4xx_HAL_Driver/Src/stm32g4xx_hal.o
 .debug_aranges
                0x0000000000000348      0x118 ./Drivers/STM32G4xx_HAL_Driver/Src/stm32g4xx_hal_cortex.o
 .debug_aranges
                0x0000000000000460       0x58 ./Drivers/STM32G4xx_HAL_Driver/Src/stm32g4xx_hal_gpio.o
 .debug_aranges
                0x00000000000004b8       0x98 ./Drivers/STM32G4xx_HAL_Driver/Src/stm32g4xx_hal_pwr.o
 .debug_aranges
                0x0000000000000550      0x140 ./Drivers/STM32G4xx_HAL_Driver/Src/stm32g4xx_hal_pwr_ex.o
 .debug_aranges
                0x0000000000000690       0x98 ./Drivers/STM32G4xx_HAL_Driver/Src/stm32g4xx_hal_rcc.o
 .debug_aranges
                0x0000000000000728       0xb0 ./Drivers/STM32G4xx_HAL_Driver/Src/stm32g4xx_hal_rcc_ex.o
 .debug_aranges
                0x00000000000007d8       0xe8 ./Drivers/STM32G4xx_HAL_Driver/Src/stm32g4xx_hal_rtc.o
 .debug_aranges
                0x00000000000008c0      0x178 ./Drivers/STM32G4xx_HAL_Driver/Src/stm32g4xx_hal_rtc_ex.o

.debug_ranges   0x0000000000000000      0x938
 .debug_ranges  0x0000000000000000       0x88 ./Core/Src/dijkstra.o
 .debug_ranges  0x0000000000000088       0x70 ./Core/Src/main.o
 .debug_ranges  0x00000000000000f8       0x20 ./Core/Src/stm32g4xx_hal_msp.o
 .debug_ranges  0x0000000000000118       0x58 ./Core/Src/stm32g4xx_it.o
 .debug_ranges  0x0000000000000170       0x18 ./Core/Src/system_stm32g4xx.o
 .debug_ranges  0x0000000000000188       0x20 ./Core/Startup/startup_stm32g431kbtx.o
 .debug_ranges  0x00000000000001a8      0x120 ./Drivers/STM32G4xx_HAL_Driver/Src/stm32g4xx_hal.o
 .debug_ranges  0x00000000000002c8      0x108 ./Drivers/STM32G4xx_HAL_Driver/Src/stm32g4xx_hal_cortex.o
 .debug_ranges  0x00000000000003d0       0x48 ./Drivers/STM32G4xx_HAL_Driver/Src/stm32g4xx_hal_gpio.o
 .debug_ranges  0x0000000000000418       0x88 ./Drivers/STM32G4xx_HAL_Driver/Src/stm32g4xx_hal_pwr.o
 .debug_ranges  0x00000000000004a0      0x130 ./Drivers/STM32G4xx_HAL_Driver/Src/stm32g4xx_hal_pwr_ex.o
 .debug_ranges  0x00000000000005d0       0x88 ./Drivers/STM32G4xx_HAL_Driver/Src/stm32g4xx_hal_rcc.o
 .debug_ranges  0x0000000000000658       0xa0 ./Drivers/STM32G4xx_HAL_Driver/Src/stm32g4xx_hal_rcc_ex.o
 .debug_ranges  0x00000000000006f8       0xd8 ./Drivers/STM32G4xx_HAL_Driver/Src/stm32g4xx_hal_rtc.o
 .debug_ranges  0x00000000000007d0      0x168 ./Drivers/STM32G4xx_HAL_Driver/Src/stm32g4xx_hal_rtc_ex.o

.debug_macro    0x0000000000000000    0x1c6a3
 .debug_macro   0x0000000000000000       0x29 ./Core/Src/dijkstra.o
 .debug_macro   0x0000000000000029       0x10 ./Core/Src/dijkstra.o
 .debug_macro   0x0000000000000039       0x16 ./Core/Src/dijkstra.o
 .debug_macro   0x000000000000004f       0x1a ./Core/Src/input.o
 .debug_macro   0x0000000000000069      0x355 ./Core/Src/main.o
 .debug_macro   0x00000000000003be      0x155 ./Core/Src/main.o
 .debug_macro   0x0000000000000513       0x2e ./Core/Src/main.o
 .debug_macro   0x0000000000000541       0x28 ./Core/Src/main.o
 .debug_macro   0x0000000000000569       0x22 ./Core/Src/main.o
 .debug_macro   0x000000000000058b       0x8e ./Core/Src/main.o
 .debug_macro   0x0000000000000619       0x51 ./Core/Src/main.o
 .debug_macro   0x000000000000066a      0x103 ./Core/Src/main.o
 .debug_macro   0x000000000000076d       0x6a ./Core/Src/main.o
 .debug_macro   0x00000000000007d7      0x1df ./Core/Src/main.o
 .debug_macro   0x00000000000009b6       0x1c ./Core/Src/main.o
 .debug_macro   0x00000000000009d2       0x22 ./Core/Src/main.o
 .debug_macro   0x00000000000009f4       0xfb ./Core/Src/main.o
 .debug_macro   0x0000000000000aef     0x1011 ./Core/Src/main.o
 .debug_macro   0x0000000000001b00      0x11f ./Core/Src/main.o
 .debug_macro   0x0000000000001c1f    0x11396 ./Core/Src/main.o
 .debug_macro   0x0000000000012fb5       0x6d ./Core/Src/main.o
 .debug_macro   0x0000000000013022     0x3554 ./Core/Src/main.o
 .debug_macro   0x0000000000016576      0x174 ./Core/Src/main.o
 .debug_macro   0x00000000000166ea       0x5c ./Core/Src/main.o
 .debug_macro   0x0000000000016746     0x141d ./Core/Src/main.o
 .debug_macro   0x0000000000017b63      0x535 ./Core/Src/main.o
 .debug_macro   0x0000000000018098      0x1b6 ./Core/Src/main.o
 .debug_macro   0x000000000001824e      0x288 ./Core/Src/main.o
 .debug_macro   0x00000000000184d6      0x41d ./Core/Src/main.o
 .debug_macro   0x00000000000188f3      0x18b ./Core/Src/main.o
 .debug_macro   0x0000000000018a7e       0x43 ./Core/Src/main.o
 .debug_macro   0x0000000000018ac1      0x23d ./Core/Src/main.o
 .debug_macro   0x0000000000018cfe      0x211 ./Core/Src/main.o
 .debug_macro   0x0000000000018f0f      0x401 ./Core/Src/main.o
 .debug_macro   0x0000000000019310      0x107 ./Core/Src/main.o
 .debug_macro   0x0000000000019417      0x122 ./Core/Src/main.o
 .debug_macro   0x0000000000019539      0x3d1 ./Core/Src/main.o
 .debug_macro   0x000000000001990a      0x360 ./Core/Src/main.o
 .debug_macro   0x0000000000019c6a      0x543 ./Core/Src/main.o
 .debug_macro   0x000000000001a1ad       0xdd ./Core/Src/main.o
 .debug_macro   0x000000000001a28a      0x306 ./Core/Src/main.o
 .debug_macro   0x000000000001a590       0x40 ./Core/Src/main.o
 .debug_macro   0x000000000001a5d0       0x52 ./Core/Src/main.o
 .debug_macro   0x000000000001a622       0x1e ./Core/Src/main.o
 .debug_macro   0x000000000001a640       0x3c ./Core/Src/main.o
 .debug_macro   0x000000000001a67c       0x34 ./Core/Src/main.o
 .debug_macro   0x000000000001a6b0       0x16 ./Core/Src/main.o
 .debug_macro   0x000000000001a6c6       0x35 ./Core/Src/main.o
 .debug_macro   0x000000000001a6fb      0x341 ./Core/Src/main.o
 .debug_macro   0x000000000001aa3c       0x10 ./Core/Src/main.o
 .debug_macro   0x000000000001aa4c       0x16 ./Core/Src/main.o
 .debug_macro   0x000000000001aa62       0x43 ./Core/Src/main.o
 .debug_macro   0x000000000001aaa5       0x34 ./Core/Src/main.o
 .debug_macro   0x000000000001aad9       0x10 ./Core/Src/main.o
 .debug_macro   0x000000000001aae9       0x58 ./Core/Src/main.o
 .debug_macro   0x000000000001ab41       0x71 ./Core/Src/main.o
 .debug_macro   0x000000000001abb2       0x1c ./Core/Src/main.o
 .debug_macro   0x000000000001abce      0x12a ./Core/Src/main.o
 .debug_macro   0x000000000001acf8       0x10 ./Core/Src/main.o
 .debug_macro   0x000000000001ad08       0x1c ./Core/Src/main.o
 .debug_macro   0x000000000001ad24       0x52 ./Core/Src/main.o
 .debug_macro   0x000000000001ad76       0x22 ./Core/Src/main.o
 .debug_macro   0x000000000001ad98       0x10 ./Core/Src/main.o
 .debug_macro   0x000000000001ada8       0x52 ./Core/Src/main.o
 .debug_macro   0x000000000001adfa       0xd5 ./Core/Src/main.o
 .debug_macro   0x000000000001aecf       0x1c ./Core/Src/main.o
 .debug_macro   0x000000000001aeeb       0x3d ./Core/Src/main.o
 .debug_macro   0x000000000001af28       0x16 ./Core/Src/main.o
 .debug_macro   0x000000000001af3e      0x145 ./Core/Src/main.o
 .debug_macro   0x000000000001b083      0x1ce ./Core/Src/stm32g4xx_hal_msp.o
 .debug_macro   0x000000000001b251      0x1d8 ./Core/Src/stm32g4xx_it.o
 .debug_macro   0x000000000001b429      0x1bf ./Core/Src/system_stm32g4xx.o
 .debug_macro   0x000000000001b5e8      0x20d ./Drivers/STM32G4xx_HAL_Driver/Src/stm32g4xx_hal.o
 .debug_macro   0x000000000001b7f5      0x1bf ./Drivers/STM32G4xx_HAL_Driver/Src/stm32g4xx_hal_cortex.o
 .debug_macro   0x000000000001b9b4      0x1c6 ./Drivers/STM32G4xx_HAL_Driver/Src/stm32g4xx_hal_gpio.o
 .debug_macro   0x000000000001bb7a      0x1d7 ./Drivers/STM32G4xx_HAL_Driver/Src/stm32g4xx_hal_pwr.o
 .debug_macro   0x000000000001bd51      0x1e9 ./Drivers/STM32G4xx_HAL_Driver/Src/stm32g4xx_hal_pwr_ex.o
 .debug_macro   0x000000000001bf3a      0x201 ./Drivers/STM32G4xx_HAL_Driver/Src/stm32g4xx_hal_rcc.o
 .debug_macro   0x000000000001c13b      0x1e9 ./Drivers/STM32G4xx_HAL_Driver/Src/stm32g4xx_hal_rcc_ex.o
 .debug_macro   0x000000000001c324      0x1c0 ./Drivers/STM32G4xx_HAL_Driver/Src/stm32g4xx_hal_rtc.o
 .debug_macro   0x000000000001c4e4      0x1bf ./Drivers/STM32G4xx_HAL_Driver/Src/stm32g4xx_hal_rtc_ex.o

.debug_line     0x0000000000000000     0x9d78
 .debug_line    0x0000000000000000      0x43f ./Core/Src/dijkstra.o
 .debug_line    0x000000000000043f       0x3f ./Core/Src/input.o
 .debug_line    0x000000000000047e      0xbc9 ./Core/Src/main.o
 .debug_line    0x0000000000001047      0x6fc ./Core/Src/stm32g4xx_hal_msp.o
 .debug_line    0x0000000000001743      0x786 ./Core/Src/stm32g4xx_it.o
 .debug_line    0x0000000000001ec9      0x715 ./Core/Src/system_stm32g4xx.o
 .debug_line    0x00000000000025de       0x89 ./Core/Startup/startup_stm32g431kbtx.o
 .debug_line    0x0000000000002667      0xa8c ./Drivers/STM32G4xx_HAL_Driver/Src/stm32g4xx_hal.o
 .debug_line    0x00000000000030f3      0xc3f ./Drivers/STM32G4xx_HAL_Driver/Src/stm32g4xx_hal_cortex.o
 .debug_line    0x0000000000003d32      0xacf ./Drivers/STM32G4xx_HAL_Driver/Src/stm32g4xx_hal_gpio.o
 .debug_line    0x0000000000004801      0x879 ./Drivers/STM32G4xx_HAL_Driver/Src/stm32g4xx_hal_pwr.o
 .debug_line    0x000000000000507a      0xc43 ./Drivers/STM32G4xx_HAL_Driver/Src/stm32g4xx_hal_pwr_ex.o
 .debug_line    0x0000000000005cbd      0xea2 ./Drivers/STM32G4xx_HAL_Driver/Src/stm32g4xx_hal_rcc.o
 .debug_line    0x0000000000006b5f     0x1065 ./Drivers/STM32G4xx_HAL_Driver/Src/stm32g4xx_hal_rcc_ex.o
 .debug_line    0x0000000000007bc4      0xf71 ./Drivers/STM32G4xx_HAL_Driver/Src/stm32g4xx_hal_rtc.o
 .debug_line    0x0000000000008b35     0x1243 ./Drivers/STM32G4xx_HAL_Driver/Src/stm32g4xx_hal_rtc_ex.o

.debug_str      0x0000000000000000    0xb72df
 .debug_str     0x0000000000000000     0x2f15 ./Core/Src/dijkstra.o
                                       0x2f30 (size before relaxing)
 .debug_str     0x0000000000002f15       0x14 ./Core/Src/input.o
                                       0x2d34 (size before relaxing)
 .debug_str     0x0000000000002f29    0xb17f0 ./Core/Src/main.o
                                      0xb4836 (size before relaxing)
 .debug_str     0x00000000000b4719      0x664 ./Core/Src/stm32g4xx_hal_msp.o
                                      0xb0c25 (size before relaxing)
 .debug_str     0x00000000000b4d7d       0xfd ./Core/Src/stm32g4xx_it.o
                                      0xb0532 (size before relaxing)
 .debug_str     0x00000000000b4e7a       0xd6 ./Core/Src/system_stm32g4xx.o
                                      0xb03b6 (size before relaxing)
 .debug_str     0x00000000000b4f50       0x36 ./Core/Startup/startup_stm32g431kbtx.o
                                         0x72 (size before relaxing)
 .debug_str     0x00000000000b4f86      0x5a7 ./Drivers/STM32G4xx_HAL_Driver/Src/stm32g4xx_hal.o
                                      0xb0ece (size before relaxing)
 .debug_str     0x00000000000b552d      0x329 ./Drivers/STM32G4xx_HAL_Driver/Src/stm32g4xx_hal_cortex.o
                                      0xb0b79 (size before relaxing)
 .debug_str     0x00000000000b5856      0x174 ./Drivers/STM32G4xx_HAL_Driver/Src/stm32g4xx_hal_gpio.o
                                      0xb0541 (size before relaxing)
 .debug_str     0x00000000000b59ca      0x2c9 ./Drivers/STM32G4xx_HAL_Driver/Src/stm32g4xx_hal_pwr.o
                                      0xb0726 (size before relaxing)
 .debug_str     0x00000000000b5c93      0x3d5 ./Drivers/STM32G4xx_HAL_Driver/Src/stm32g4xx_hal_pwr_ex.o
                                      0xb08a4 (size before relaxing)
 .debug_str     0x00000000000b6068      0x47c ./Drivers/STM32G4xx_HAL_Driver/Src/stm32g4xx_hal_rcc.o
                                      0xb0aaf (size before relaxing)
 .debug_str     0x00000000000b64e4      0x3e0 ./Drivers/STM32G4xx_HAL_Driver/Src/stm32g4xx_hal_rcc_ex.o
                                      0xb0ab0 (size before relaxing)
 .debug_str     0x00000000000b68c4      0x3b5 ./Drivers/STM32G4xx_HAL_Driver/Src/stm32g4xx_hal_rtc.o
                                      0xb081c (size before relaxing)
 .debug_str     0x00000000000b6c79      0x666 ./Drivers/STM32G4xx_HAL_Driver/Src/stm32g4xx_hal_rtc_ex.o
                                      0xb0c53 (size before relaxing)

.comment        0x0000000000000000       0x50
 .comment       0x0000000000000000       0x50 ./Core/Src/dijkstra.o
                                         0x51 (size before relaxing)
 .comment       0x0000000000000050       0x51 ./Core/Src/input.o
 .comment       0x0000000000000050       0x51 ./Core/Src/main.o
 .comment       0x0000000000000050       0x51 ./Core/Src/stm32g4xx_hal_msp.o
 .comment       0x0000000000000050       0x51 ./Core/Src/stm32g4xx_it.o
 .comment       0x0000000000000050       0x51 ./Core/Src/system_stm32g4xx.o
 .comment       0x0000000000000050       0x51 ./Drivers/STM32G4xx_HAL_Driver/Src/stm32g4xx_hal.o
 .comment       0x0000000000000050       0x51 ./Drivers/STM32G4xx_HAL_Driver/Src/stm32g4xx_hal_cortex.o
 .comment       0x0000000000000050       0x51 ./Drivers/STM32G4xx_HAL_Driver/Src/stm32g4xx_hal_gpio.o
 .comment       0x0000000000000050       0x51 ./Drivers/STM32G4xx_HAL_Driver/Src/stm32g4xx_hal_pwr.o
 .comment       0x0000000000000050       0x51 ./Drivers/STM32G4xx_HAL_Driver/Src/stm32g4xx_hal_pwr_ex.o
 .comment       0x0000000000000050       0x51 ./Drivers/STM32G4xx_HAL_Driver/Src/stm32g4xx_hal_rcc.o
 .comment       0x0000000000000050       0x51 ./Drivers/STM32G4xx_HAL_Driver/Src/stm32g4xx_hal_rcc_ex.o
 .comment       0x0000000000000050       0x51 ./Drivers/STM32G4xx_HAL_Driver/Src/stm32g4xx_hal_rtc.o
 .comment       0x0000000000000050       0x51 ./Drivers/STM32G4xx_HAL_Driver/Src/stm32g4xx_hal_rtc_ex.o

.debug_frame    0x0000000000000000     0x2788
 .debug_frame   0x0000000000000000      0x248 ./Core/Src/dijkstra.o
 .debug_frame   0x0000000000000248      0x1c0 ./Core/Src/main.o
 .debug_frame   0x0000000000000408       0x80 ./Core/Src/stm32g4xx_hal_msp.o
 .debug_frame   0x0000000000000488      0x120 ./Core/Src/stm32g4xx_it.o
 .debug_frame   0x00000000000005a8       0x58 ./Core/Src/system_stm32g4xx.o
 .debug_frame   0x0000000000000600      0x4a0 ./Drivers/STM32G4xx_HAL_Driver/Src/stm32g4xx_hal.o
 .debug_frame   0x0000000000000aa0      0x498 ./Drivers/STM32G4xx_HAL_Driver/Src/stm32g4xx_hal_cortex.o
 .debug_frame   0x0000000000000f38      0x14c ./Drivers/STM32G4xx_HAL_Driver/Src/stm32g4xx_hal_gpio.o
 .debug_frame   0x0000000000001084      0x230 ./Drivers/STM32G4xx_HAL_Driver/Src/stm32g4xx_hal_pwr.o
 .debug_frame   0x00000000000012b4      0x4fc ./Drivers/STM32G4xx_HAL_Driver/Src/stm32g4xx_hal_pwr_ex.o
 .debug_frame   0x00000000000017b0      0x23c ./Drivers/STM32G4xx_HAL_Driver/Src/stm32g4xx_hal_rcc.o
 .debug_frame   0x00000000000019ec      0x2ac ./Drivers/STM32G4xx_HAL_Driver/Src/stm32g4xx_hal_rcc_ex.o
 .debug_frame   0x0000000000001c98      0x3f4 ./Drivers/STM32G4xx_HAL_Driver/Src/stm32g4xx_hal_rtc.o
 .debug_frame   0x000000000000208c      0x6b0 ./Drivers/STM32G4xx_HAL_Driver/Src/stm32g4xx_hal_rtc_ex.o
 .debug_frame   0x000000000000273c       0x2c c:/st/stm32cubeide_1.12.1/stm32cubeide/plugins/com.st.stm32cube.ide.mcu.externaltools.gnu-tools-for-stm32.10.3-2021.10.win32_1.0.200.202301161003/tools/bin/../lib/gcc/arm-none-eabi/10.3.1/../../../../arm-none-eabi/lib/thumb/v7e-m+fp/hard\libc_nano.a(lib_a-init.o)
 .debug_frame   0x0000000000002768       0x20 c:/st/stm32cubeide_1.12.1/stm32cubeide/plugins/com.st.stm32cube.ide.mcu.externaltools.gnu-tools-for-stm32.10.3-2021.10.win32_1.0.200.202301161003/tools/bin/../lib/gcc/arm-none-eabi/10.3.1/../../../../arm-none-eabi/lib/thumb/v7e-m+fp/hard\libc_nano.a(lib_a-memset.o)
