../Core/Src/main.c:91:6:encrypt	40	static
../Core/Src/main.c:106:6:decrypt	40	static
../Core/Src/main.c:119:6:encrypt_ccm	40	static
../Core/Src/main.c:135:6:decrypt_ccm	40	static
../Core/Src/main.c:226:6:SystemClock_Config	136	static,ignoring_inline_asm
../Core/Src/main.c:403:6:change_to_PLL	80	static,ignoring_inline_asm
../Core/Src/main.c:461:6:Sleep	16	static
../Core/Src/main.c:149:6:tested_code	8	static
../Core/Src/main.c:480:6:change_freq	80	static,ignoring_inline_asm
../Core/Src/main.c:166:5:main	80	static,ignoring_inline_asm
../Core/Src/main.c:540:6:Error_Handler	0	static,ignoring_inline_asm
