../Core/Src/dijkstra.c:148:6:dijkstra_init_ccm	24	static
../Core/Src/dijkstra.c:166:5:dijkstra_return_ccm	0	static
../Core/Src/dijkstra.c:171:5:dijkstra_enqueue_ccm	20	static
../Core/Src/dijkstra.c:196:6:dijkstra_dequeue_ccm	12	static
../Core/Src/dijkstra.c:207:5:dijkstra_qcount_ccm	0	static
../Core/Src/dijkstra.c:212:5:dijkstra_find_ccm	48	static
../Core/Src/dijkstra.c:254:7:dijkstra_main_ccm	24	static
../Core/Src/dijkstra.c:270:5:main_dij_ccm	8	static
../Core/Src/dijkstra.c:13:6:dijkstra_init	24	static
../Core/Src/dijkstra.c:31:5:dijkstra_return	0	static
../Core/Src/dijkstra.c:36:5:dijkstra_enqueue	20	static
../Core/Src/dijkstra.c:61:6:dijkstra_dequeue	12	static
../Core/Src/dijkstra.c:72:5:dijkstra_qcount	0	static
../Core/Src/dijkstra.c:77:5:dijkstra_find	48	static
../Core/Src/dijkstra.c:119:7:dijkstra_main	24	static
../Core/Src/dijkstra.c:135:5:main_dij	8	static
