../Core/Src/FFT.c:94:6:fft_bit_reduct_ccm	56	static
../Core/Src/FFT.c:184:7:fft_exp2f_ccm	24	static
../Core/Src/FFT.c:199:7:fft_modff_ccm	16	static
../Core/Src/FFT.c:213:5:fft_convert_ccm	48	static
../Core/Src/FFT.c:240:6:fft_float2fract_ccm	24	static
../Core/Src/FFT.c:254:6:fft_pin_down_ccm	32	static
../Core/Src/FFT.c:273:6:fft_init_ccm	16	static
../Core/Src/FFT.c:296:6:fft_main_ccm	16	static
../Core/Src/FFT.c:506:6:fft_bit_reduct_ram	56	static
../Core/Src/FFT.c:596:7:fft_exp2f_ram	24	static
../Core/Src/FFT.c:611:7:fft_modff_ram	16	static
../Core/Src/FFT.c:625:5:fft_convert_ram	48	static
../Core/Src/FFT.c:652:6:fft_float2fract_ram	24	static
../Core/Src/FFT.c:666:6:fft_pin_down_ram	32	static
../Core/Src/FFT.c:685:6:fft_init_ram	16	static
../Core/Src/FFT.c:708:6:fft_main_ram	16	static
../Core/Src/FFT.c:307:6:fft_bit_reduct	56	static
../Core/Src/FFT.c:395:7:fft_exp2f	24	static
../Core/Src/FFT.c:408:7:fft_modff	16	static
../Core/Src/FFT.c:420:5:fft_convert	48	static
../Core/Src/FFT.c:445:6:fft_float2fract	24	static
../Core/Src/FFT.c:458:6:fft_pin_down	32	static
../Core/Src/FFT.c:473:6:fft_init	16	static
../Core/Src/FFT.c:493:6:fft_main	16	static
