../Core/Src/main.c:122:6:empty_cache	0	static
../Core/Src/main.c:134:6:init_cache	0	static
../Core/Src/main.c:216:6:SystemClock_Config	88	static,ignoring_inline_asm
../Core/Src/main.c:380:6:change_freq	192	static,ignoring_inline_asm
../Core/Src/main.c:363:6:Sleep	16	static
../Core/Src/main.c:65:6:tested_code	8	static
../Core/Src/main.c:472:6:range1_to_range2	32	static,ignoring_inline_asm
../Core/Src/main.c:499:6:range2_to_range1	0	static
../Core/Src/main.c:516:6:boost_mode	0	static
../Core/Src/main.c:148:5:main	104	static,ignoring_inline_asm
../Core/Src/main.c:530:6:Error_Handler	0	static,ignoring_inline_asm
