../Core/Src/mat_mul.c:162:6:matrix1_pin_down_ccm	16	static
../Core/Src/mat_mul.c:178:6:matrix1_init_ccm	0	static
../Core/Src/mat_mul.c:204:7:matrix1_main_ccm	32	static
../Core/Src/mat_mul.c:243:6:matrix1_pin_down_ram	16	static
../Core/Src/mat_mul.c:259:6:matrix1_init_ram	0	static
../Core/Src/mat_mul.c:285:7:matrix1_main_ram	32	static
../Core/Src/mat_mul.c:324:6:matrix1_pin_down_ram2	16	static
../Core/Src/mat_mul.c:340:6:matrix1_init_ram2	0	static
../Core/Src/mat_mul.c:366:7:matrix1_main_ram2	32	static
../Core/Src/mat_mul.c:81:6:matrix1_pin_down	16	static
../Core/Src/mat_mul.c:100:6:matrix1_init	0	static
../Core/Src/mat_mul.c:109:5:matrix1_return	0	static
../Core/Src/mat_mul.c:231:5:main_mat_ccm	8	static
../Core/Src/mat_mul.c:312:5:main_mat_ram	8	static
../Core/Src/mat_mul.c:393:5:main_mat_ram2	8	static
../Core/Src/mat_mul.c:125:6:matrix1_main	32	static
../Core/Src/mat_mul.c:150:5:main_mat	8	static
../Core/Src/mat_mul.c:187:5:matrix1_return_ccm	0	static
../Core/Src/mat_mul.c:268:5:matrix1_return_ram	0	static
../Core/Src/mat_mul.c:349:5:matrix1_return_ram2	0	static
