14:57:32 **** Incremental Build of configuration Release for project dijkstra ****
make -j8 all 
arm-none-eabi-gcc "../Core/Src/dijkstra.c" -mcpu=cortex-m4 -std=gnu11 -DUSE_HAL_DRIVER -DSTM32F303xC -c -I../Core/Inc -I../Drivers/STM32F3xx_HAL_Driver/Inc/Legacy -I../Drivers/STM32F3xx_HAL_Driver/Inc -I../Drivers/CMSIS/Device/ST/STM32F3xx/Include -I../Drivers/CMSIS/Include -O0 -ffunction-sections -fdata-sections -Wall -fstack-usage -fcyclomatic-complexity -MMD -MP -MF"Core/Src/dijkstra.d" -MT"Core/Src/dijkstra.o" --specs=nano.specs -mfpu=fpv4-sp-d16 -mfloat-abi=hard -mthumb -o "Core/Src/dijkstra.o"
arm-none-eabi-gcc "../Core/Src/main.c" -mcpu=cortex-m4 -std=gnu11 -DUSE_HAL_DRIVER -DSTM32F303xC -c -I../Core/Inc -I../Drivers/STM32F3xx_HAL_Driver/Inc/Legacy -I../Drivers/STM32F3xx_HAL_Driver/Inc -I../Drivers/CMSIS/Device/ST/STM32F3xx/Include -I../Drivers/CMSIS/Include -O0 -ffunction-sections -fdata-sections -Wall -fstack-usage -fcyclomatic-complexity -MMD -MP -MF"Core/Src/main.d" -MT"Core/Src/main.o" --specs=nano.specs -mfpu=fpv4-sp-d16 -mfloat-abi=hard -mthumb -o "Core/Src/main.o"
arm-none-eabi-gcc -o "dijkstra.elf" @"objects.list"   -mcpu=cortex-m4 -T"C:\Users\loict\Desktop\Stage_vertics\stm32f_code_v2\dijkstra\STM32F303VCTX_FLASH.ld" --specs=nosys.specs -Wl,-Map="dijkstra.map" -Wl,--gc-sections -static --specs=nano.specs -mfpu=fpv4-sp-d16 -mfloat-abi=hard -mthumb -Wl,--start-group -lc -lm -Wl,--end-group
Finished building target: dijkstra.elf
 
arm-none-eabi-size   dijkstra.elf 
arm-none-eabi-objdump -h -S  dijkstra.elf  > "dijkstra.list"
   text	   data	    bss	    dec	    hex	filename
  18856	      8	   4424	  23288	   5af8	dijkstra.elf
Finished building: default.size.stdout
 
Finished building: dijkstra.list
 

14:57:35 Build Finished. 0 errors, 0 warnings. (took 2s.11ms)

