10:05:38 **** Incremental Build of configuration Release for project fib ****
make -j8 all 
arm-none-eabi-gcc "../Core/Src/main.c" -mcpu=cortex-m4 -std=gnu11 -DUSE_HAL_DRIVER -DSTM32G431xx -c -I../Core/Inc -I../Drivers/STM32G4xx_HAL_Driver/Inc -I../Drivers/STM32G4xx_HAL_Driver/Inc/Legacy -I../Drivers/CMSIS/Device/ST/STM32G4xx/Include -I../Drivers/CMSIS/Include -Os -ffunction-sections -fdata-sections -Wall -fstack-usage -fcyclomatic-complexity -MMD -MP -MF"Core/Src/main.d" -MT"Core/Src/main.o" --specs=nano.specs -mfpu=fpv4-sp-d16 -mfloat-abi=hard -mthumb -o "Core/Src/main.o"
arm-none-eabi-gcc -o "fib.elf" @"objects.list"   -mcpu=cortex-m4 -T"C:\Users\loict\STM32CubeIDE\workspace_1.12.1\fib\STM32G431KBTX_FLASH.ld" --specs=nosys.specs -Wl,-Map="fib.map" -Wl,--gc-sections -static --specs=nano.specs -mfpu=fpv4-sp-d16 -mfloat-abi=hard -mthumb -Wl,--start-group -lc -lm -Wl,--end-group
Finished building target: fib.elf
 
arm-none-eabi-size   fib.elf 
arm-none-eabi-objdump -h -S  fib.elf  > "fib.list"
   text	   data	    bss	    dec	    hex	filename
   5668	     20	   1612	   7300	   1c84	fib.elf
Finished building: default.size.stdout
 
Finished building: fib.list
 

10:05:39 Build Finished. 0 errors, 0 warnings. (took 847ms)

