15:13:18 **** Incremental Build of configuration Release for project mat_mul ****
make -j8 all 
arm-none-eabi-gcc "../Core/Src/main.c" -mcpu=cortex-m4 -std=gnu11 -DUSE_HAL_DRIVER -DSTM32F303xC -c -I../Core/Inc -I../Drivers/STM32F3xx_HAL_Driver/Inc/Legacy -I../Drivers/STM32F3xx_HAL_Driver/Inc -I../Drivers/CMSIS/Device/ST/STM32F3xx/Include -I../Drivers/CMSIS/Include -O0 -ffunction-sections -fdata-sections -Wall -fstack-usage -fcyclomatic-complexity -MMD -MP -MF"Core/Src/main.d" -MT"Core/Src/main.o" --specs=nano.specs -mfpu=fpv4-sp-d16 -mfloat-abi=hard -mthumb -o "Core/Src/main.o"
arm-none-eabi-gcc "../Core/Src/mat_mul.c" -mcpu=cortex-m4 -std=gnu11 -DUSE_HAL_DRIVER -DSTM32F303xC -c -I../Core/Inc -I../Drivers/STM32F3xx_HAL_Driver/Inc/Legacy -I../Drivers/STM32F3xx_HAL_Driver/Inc -I../Drivers/CMSIS/Device/ST/STM32F3xx/Include -I../Drivers/CMSIS/Include -O0 -ffunction-sections -fdata-sections -Wall -fstack-usage -fcyclomatic-complexity -MMD -MP -MF"Core/Src/mat_mul.d" -MT"Core/Src/mat_mul.o" --specs=nano.specs -mfpu=fpv4-sp-d16 -mfloat-abi=hard -mthumb -o "Core/Src/mat_mul.o"
arm-none-eabi-gcc -o "mat_mul.elf" @"objects.list"   -mcpu=cortex-m4 -T"C:\Users\loict\Desktop\Stage_vertics\stm32f_code_v2\mat_mul\STM32F303VCTX_FLASH.ld" --specs=nosys.specs -Wl,-Map="mat_mul.map" -Wl,--gc-sections -static --specs=nano.specs -mfpu=fpv4-sp-d16 -mfloat-abi=hard -mthumb -Wl,--start-group -lc -lm -Wl,--end-group
Finished building target: mat_mul.elf
 
arm-none-eabi-size   mat_mul.elf 
arm-none-eabi-objdump -h -S  mat_mul.elf  > "mat_mul.list"
   text	   data	    bss	    dec	    hex	filename
  14612	      8	   6408	  21028	   5224	mat_mul.elf
Finished building: default.size.stdout
 
Finished building: mat_mul.list
 

15:13:19 Build Finished. 0 errors, 0 warnings. (took 943ms)

