16:05:45 **** Incremental Build of configuration Release for project RSA_enc ****
make -j8 all 
arm-none-eabi-gcc "../Core/Src/main.c" -mcpu=cortex-m4 -std=gnu11 -DUSE_HAL_DRIVER -DSTM32F303xC -c -I../Core/Inc -I../Drivers/STM32F3xx_HAL_Driver/Inc/Legacy -I../Drivers/STM32F3xx_HAL_Driver/Inc -I../Drivers/CMSIS/Device/ST/STM32F3xx/Include -I../Drivers/CMSIS/Include -O0 -ffunction-sections -fdata-sections -Wall -fstack-usage -fcyclomatic-complexity -MMD -MP -MF"Core/Src/main.d" -MT"Core/Src/main.o" --specs=nano.specs -mfpu=fpv4-sp-d16 -mfloat-abi=hard -mthumb -o "Core/Src/main.o"
arm-none-eabi-gcc -o "RSA_enc.elf" @"objects.list"   -mcpu=cortex-m4 -T"C:\Users\loict\Desktop\Stage_vertics\stm32f_code_v2\RSA_enc\STM32F303VCTX_FLASH.ld" --specs=nosys.specs -Wl,-Map="RSA_enc.map" -Wl,--gc-sections -static --specs=nano.specs -mfpu=fpv4-sp-d16 -mfloat-abi=hard -mthumb -Wl,--start-group -lc -lm -Wl,--end-group
Finished building target: RSA_enc.elf
 
arm-none-eabi-size   RSA_enc.elf 
arm-none-eabi-objdump -h -S  RSA_enc.elf  > "RSA_enc.list"
   text	   data	    bss	    dec	    hex	filename
  14532	      8	   3608	  18148	   46e4	RSA_enc.elf
Finished building: default.size.stdout
 
Finished building: RSA_enc.list
 

16:05:46 Build Finished. 0 errors, 0 warnings. (took 881ms)

