16:01:59 **** Incremental Build of configuration Release for project RSA_dec ****
make -j8 all 
arm-none-eabi-gcc "../Core/Src/main.c" -mcpu=cortex-m4 -std=gnu11 -DUSE_HAL_DRIVER -DSTM32F303xC -c -I../Core/Inc -I../Drivers/STM32F3xx_HAL_Driver/Inc/Legacy -I../Drivers/STM32F3xx_HAL_Driver/Inc -I../Drivers/CMSIS/Device/ST/STM32F3xx/Include -I../Drivers/CMSIS/Include -O0 -ffunction-sections -fdata-sections -Wall -fstack-usage -fcyclomatic-complexity -MMD -MP -MF"Core/Src/main.d" -MT"Core/Src/main.o" --specs=nano.specs -mfpu=fpv4-sp-d16 -mfloat-abi=hard -mthumb -o "Core/Src/main.o"
arm-none-eabi-gcc -o "RSA_dec.elf" @"objects.list"   -mcpu=cortex-m4 -T"C:\Users\loict\Desktop\Stage_vertics\stm32f_code_v2\RSA_dec\STM32F303VCTX_FLASH.ld" --specs=nosys.specs -Wl,-Map="RSA_dec.map" -Wl,--gc-sections -static --specs=nano.specs -mfpu=fpv4-sp-d16 -mfloat-abi=hard -mthumb -Wl,--start-group -lc -lm -Wl,--end-group
Finished building target: RSA_dec.elf
 
arm-none-eabi-size   RSA_dec.elf 
arm-none-eabi-objdump -h -S  RSA_dec.elf  > "RSA_dec.list"
   text	   data	    bss	    dec	    hex	filename
  15984	      8	   2108	  18100	   46b4	RSA_dec.elf
Finished building: default.size.stdout
 
Finished building: RSA_dec.list
 

16:02:00 Build Finished. 0 errors, 0 warnings. (took 889ms)

