13:25:57 **** Incremental Build of configuration Debug for project test_stm32g ****
make -j8 all 
arm-none-eabi-gcc "../Core/Src/main.c" -mcpu=cortex-m4 -std=gnu11 -g3 -DDEBUG -DUSE_HAL_DRIVER -DSTM32G431xx -c -I../Core/Inc -I../Drivers/STM32G4xx_HAL_Driver/Inc -I../Drivers/STM32G4xx_HAL_Driver/Inc/Legacy -I../Drivers/CMSIS/Device/ST/STM32G4xx/Include -I../Drivers/CMSIS/Include -O0 -ffunction-sections -fdata-sections -Wall -fstack-usage -fcyclomatic-complexity -MMD -MP -MF"Core/Src/main.d" -MT"Core/Src/main.o" --specs=nano.specs -mfpu=fpv4-sp-d16 -mfloat-abi=hard -mthumb -o "Core/Src/main.o"
../Core/Src/main.c: In function 'main':
../Core/Src/main.c:97:7: warning: unused variable 'f3' [-Wunused-variable]
   97 |   int f3 = HAL_RCC_GetHCLKFreq();
      |       ^~
../Core/Src/main.c:95:7: warning: unused variable 'f2' [-Wunused-variable]
   95 |   int f2 = HAL_RCC_GetHCLKFreq();
      |       ^~
../Core/Src/main.c:93:7: warning: unused variable 'f1' [-Wunused-variable]
   93 |   int f1 = HAL_RCC_GetHCLKFreq();
      |       ^~
arm-none-eabi-gcc -o "test_stm32g.elf" @"objects.list"   -mcpu=cortex-m4 -T"C:\Users\loict\STM32CubeIDE\workspace_1.12.1\test_stm32g\STM32G431KBTX_FLASH.ld" --specs=nosys.specs -Wl,-Map="test_stm32g.map" -Wl,--gc-sections -static --specs=nano.specs -mfpu=fpv4-sp-d16 -mfloat-abi=hard -mthumb -Wl,--start-group -lc -lm -Wl,--end-group
Finished building target: test_stm32g.elf
 
arm-none-eabi-size   test_stm32g.elf 
arm-none-eabi-objdump -h -S  test_stm32g.elf  > "test_stm32g.list"
   text	   data	    bss	    dec	    hex	filename
   7180	     20	   1612	   8812	   226c	test_stm32g.elf
Finished building: default.size.stdout
 
Finished building: test_stm32g.list
 

13:25:58 Build Finished. 0 errors, 3 warnings. (took 1s.116ms)

