../Core/Src/main.c:43:6:BubbleSortCCM	32	static
../Core/Src/main.c:74:6:BubbleSort	32	static
../Core/Src/main.c:134:6:tested_code	8	static
../Core/Src/main.c:164:5:main	24	static
../Core/Src/main.c:223:6:SystemClock_Config	128	static
../Core/Src/main.c:271:13:MX_RTC_Init	8	static
../Core/Src/main.c:313:13:MX_GPIO_Init	56	static
../Core/Src/main.c:400:6:change_to_PLL	72	static
../Core/Src/main.c:458:6:Sleep	24	static
../Core/Src/main.c:477:6:change_freq	80	static
../Core/Src/main.c:536:6:Error_Handler	4	static,ignoring_inline_asm
