../Core/Src/FFT.c:116:6:fft_bit_reduct_ccm	64	static
../Core/Src/FFT.c:206:7:fft_exp2f_ccm	0	static
../Core/Src/FFT.c:221:7:fft_modff_ccm	0	static
../Core/Src/FFT.c:235:5:fft_convert_ccm	8	static
../Core/Src/FFT.c:262:6:fft_float2fract_ccm	8	static
../Core/Src/FFT.c:276:6:fft_pin_down_ccm	8	static
../Core/Src/FFT.c:295:6:fft_init_ccm	24	static
../Core/Src/FFT.c:318:6:fft_main_ccm	0	static
../Core/Src/FFT.c:324:6:fft_bit_reduct	64	static
../Core/Src/FFT.c:412:7:fft_exp2f	0	static
../Core/Src/FFT.c:425:7:fft_modff	0	static
../Core/Src/FFT.c:437:5:fft_convert	8	static
../Core/Src/FFT.c:462:6:fft_float2fract	8	static
../Core/Src/FFT.c:475:6:fft_pin_down	8	static
../Core/Src/FFT.c:490:6:fft_init	24	static
../Core/Src/FFT.c:510:6:fft_main	0	static
