../Core/Src/recursion.c:56:5:recursion_fib_ccm	16	static
../Core/Src/recursion.c:71:6:recursion_main_ccm	8	static
../Core/Src/recursion.c:49:6:recursion_init_ccm	8	static
../Core/Src/recursion.c:66:5:recursion_return_ccm	0	static
../Core/Src/recursion.c:76:5:main_rec_ccm	8	static
../Core/Src/recursion.c:15:6:recursion_init	8	static
../Core/Src/recursion.c:22:5:recursion_fib	16	static
../Core/Src/recursion.c:32:5:recursion_return	0	static
../Core/Src/recursion.c:37:6:recursion_main	8	static
../Core/Src/recursion.c:42:5:main_rec	8	static
