../Core/Src/recursion.c:59:5:recursion_fib_ccm	24	static
../Core/Src/recursion.c:74:6:recursion_main_ccm	8	static
../Core/Src/recursion.c:52:6:recursion_init_ccm	16	static
../Core/Src/recursion.c:69:5:recursion_return_ccm	4	static
../Core/Src/recursion.c:79:5:main_rec_ccm	16	static
../Core/Src/recursion.c:97:5:recursion_fib_ram	24	static
../Core/Src/recursion.c:112:6:recursion_main_ram	8	static
../Core/Src/recursion.c:90:6:recursion_init_ram	16	static
../Core/Src/recursion.c:107:5:recursion_return_ram	4	static
../Core/Src/recursion.c:117:5:main_rec_ram	16	static
../Core/Src/recursion.c:15:6:recursion_init	16	static
../Core/Src/recursion.c:22:5:recursion_fib	24	static
../Core/Src/recursion.c:32:5:recursion_return	4	static
../Core/Src/recursion.c:37:6:recursion_main	8	static
../Core/Src/recursion.c:42:5:main_rec	16	static
