06:27:31 **** Incremental Build of configuration Debug for project while1 ****
make -j8 all 
arm-none-eabi-gcc "../Core/Src/main.c" -mcpu=cortex-m4 -std=gnu11 -g3 -DDEBUG -DUSE_HAL_DRIVER -DSTM32G431xx -c -I../Core/Inc -I../Drivers/STM32G4xx_HAL_Driver/Inc -I../Drivers/STM32G4xx_HAL_Driver/Inc/Legacy -I../Drivers/CMSIS/Device/ST/STM32G4xx/Include -I../Drivers/CMSIS/Include -O0 -ffunction-sections -fdata-sections -Wall -fstack-usage -fcyclomatic-complexity -MMD -MP -MF"Core/Src/main.d" -MT"Core/Src/main.o" --specs=nano.specs -mfpu=fpv4-sp-d16 -mfloat-abi=hard -mthumb -o "Core/Src/main.o"
../Core/Src/main.c: In function 'SystemClock_Config170MHZ':
../Core/Src/main.c:172:22: warning: unused variable 'RCC_ClkInitStruct' [-Wunused-variable]
  172 |   RCC_ClkInitTypeDef RCC_ClkInitStruct = {0};
      |                      ^~~~~~~~~~~~~~~~~
At top level:
../Core/Src/main.c:169:6: warning: 'SystemClock_Config170MHZ' defined but not used [-Wunused-function]
  169 | void SystemClock_Config170MHZ(void)
      |      ^~~~~~~~~~~~~~~~~~~~~~~~
arm-none-eabi-gcc -o "while1.elf" @"objects.list"   -mcpu=cortex-m4 -T"C:\Users\loict\STM32CubeIDE\workspace_1.12.1\while1\STM32G431KBTX_FLASH.ld" --specs=nosys.specs -Wl,-Map="while1.map" -Wl,--gc-sections -static --specs=nano.specs -mfpu=fpv4-sp-d16 -mfloat-abi=hard -mthumb -Wl,--start-group -lc -lm -Wl,--end-group
Finished building target: while1.elf
 
arm-none-eabi-size   while1.elf 
arm-none-eabi-objdump -h -S  while1.elf  > "while1.list"
   text	   data	    bss	    dec	    hex	filename
   5008	     20	   1572	   6600	   19c8	while1.elf
Finished building: default.size.stdout
 
Finished building: while1.list
 

06:27:32 Build Finished. 0 errors, 2 warnings. (took 1s.21ms)

