../Core/Src/dijkstra.c:168:6:dijkstra_init_ccm	24	static
../Core/Src/dijkstra.c:186:5:dijkstra_return_ccm	0	static
../Core/Src/dijkstra.c:191:5:dijkstra_enqueue_ccm	20	static
../Core/Src/dijkstra.c:216:6:dijkstra_dequeue_ccm	12	static
../Core/Src/dijkstra.c:227:5:dijkstra_qcount_ccm	0	static
../Core/Src/dijkstra.c:232:5:dijkstra_find_ccm	48	static
../Core/Src/dijkstra.c:274:7:dijkstra_main_ccm	24	static
../Core/Src/dijkstra.c:290:5:main_dij_ccm	8	static
../Core/Src/dijkstra.c:306:6:dijkstra_init_ram	24	static
../Core/Src/dijkstra.c:324:5:dijkstra_return_ram	0	static
../Core/Src/dijkstra.c:329:5:dijkstra_enqueue_ram	20	static
../Core/Src/dijkstra.c:354:6:dijkstra_dequeue_ram	12	static
../Core/Src/dijkstra.c:365:5:dijkstra_qcount_ram	0	static
../Core/Src/dijkstra.c:370:5:dijkstra_find_ram	48	static
../Core/Src/dijkstra.c:412:7:dijkstra_main_ram	24	static
../Core/Src/dijkstra.c:428:5:main_dij_ram	8	static
../Core/Src/dijkstra.c:442:6:dijkstra_init_ram2	24	static
../Core/Src/dijkstra.c:460:5:dijkstra_return_ram2	0	static
../Core/Src/dijkstra.c:465:5:dijkstra_enqueue_ram2	20	static
../Core/Src/dijkstra.c:490:6:dijkstra_dequeue_ram2	12	static
../Core/Src/dijkstra.c:501:5:dijkstra_qcount_ram2	0	static
../Core/Src/dijkstra.c:506:5:dijkstra_find_ram2	48	static
../Core/Src/dijkstra.c:548:7:dijkstra_main_ram2	24	static
../Core/Src/dijkstra.c:564:5:main_dij_ram2	8	static
../Core/Src/dijkstra.c:29:6:dijkstra_init	24	static
../Core/Src/dijkstra.c:47:5:dijkstra_return	0	static
../Core/Src/dijkstra.c:52:5:dijkstra_enqueue	20	static
../Core/Src/dijkstra.c:77:6:dijkstra_dequeue	12	static
../Core/Src/dijkstra.c:88:5:dijkstra_qcount	0	static
../Core/Src/dijkstra.c:93:5:dijkstra_find	48	static
../Core/Src/dijkstra.c:135:7:dijkstra_main	24	static
../Core/Src/dijkstra.c:151:5:main_dij	8	static
