../Core/Src/dijkstra.c:156:6:dijkstra_init_ccm	24	static
../Core/Src/dijkstra.c:174:5:dijkstra_return_ccm	4	static
../Core/Src/dijkstra.c:179:5:dijkstra_enqueue_ccm	32	static
../Core/Src/dijkstra.c:204:6:dijkstra_dequeue_ccm	24	static
../Core/Src/dijkstra.c:215:5:dijkstra_qcount_ccm	4	static
../Core/Src/dijkstra.c:220:5:dijkstra_find_ccm	40	static
../Core/Src/dijkstra.c:262:7:dijkstra_main_ccm	16	static
../Core/Src/dijkstra.c:278:5:main_dij_ccm	16	static
../Core/Src/dijkstra.c:294:6:dijkstra_init_ram	24	static
../Core/Src/dijkstra.c:312:5:dijkstra_return_ram	4	static
../Core/Src/dijkstra.c:317:5:dijkstra_enqueue_ram	32	static
../Core/Src/dijkstra.c:342:6:dijkstra_dequeue_ram	24	static
../Core/Src/dijkstra.c:353:5:dijkstra_qcount_ram	4	static
../Core/Src/dijkstra.c:358:5:dijkstra_find_ram	40	static
../Core/Src/dijkstra.c:400:7:dijkstra_main_ram	16	static
../Core/Src/dijkstra.c:416:5:main_dij_ram	16	static
../Core/Src/dijkstra.c:17:6:dijkstra_init	24	static
../Core/Src/dijkstra.c:35:5:dijkstra_return	4	static
../Core/Src/dijkstra.c:40:5:dijkstra_enqueue	32	static
../Core/Src/dijkstra.c:65:6:dijkstra_dequeue	24	static
../Core/Src/dijkstra.c:76:5:dijkstra_qcount	4	static
../Core/Src/dijkstra.c:81:5:dijkstra_find	40	static
../Core/Src/dijkstra.c:123:7:dijkstra_main	16	static
../Core/Src/dijkstra.c:139:5:main_dij	16	static
