../Core/Src/main.c:66:6:tested_code	8	static
../Core/Src/main.c:93:6:empty_cache	4	static
../Core/Src/main.c:105:6:init_cache	4	static
../Core/Src/main.c:119:5:main	80	static
../Core/Src/main.c:186:6:SystemClock_Config	88	static
../Core/Src/main.c:234:13:MX_RTC_Init	8	static
../Core/Src/main.c:278:13:MX_GPIO_Init	48	static
../Core/Src/main.c:333:6:Sleep	24	static
../Core/Src/main.c:350:6:change_freq	200	static
../Core/Src/main.c:442:6:range1_to_range2	32	static
../Core/Src/main.c:469:6:range2_to_range1	8	static
../Core/Src/main.c:486:6:boost_mode	4	static
../Core/Src/main.c:500:6:Error_Handler	4	static,ignoring_inline_asm
