../Core/Src/recursion.c:59:5:recursion_fib_ccm	16	static
../Core/Src/recursion.c:74:6:recursion_main_ccm	8	static
../Core/Src/recursion.c:52:6:recursion_init_ccm	8	static
../Core/Src/recursion.c:69:5:recursion_return_ccm	0	static
../Core/Src/recursion.c:79:5:main_rec_ccm	8	static
../Core/Src/recursion.c:97:5:recursion_fib_ram	16	static
../Core/Src/recursion.c:112:6:recursion_main_ram	8	static
../Core/Src/recursion.c:90:6:recursion_init_ram	8	static
../Core/Src/recursion.c:107:5:recursion_return_ram	0	static
../Core/Src/recursion.c:117:5:main_rec_ram	8	static
../Core/Src/recursion.c:135:5:recursion_fib_ram2	16	static
../Core/Src/recursion.c:150:6:recursion_main_ram2	8	static
../Core/Src/recursion.c:128:6:recursion_init_ram2	8	static
../Core/Src/recursion.c:145:5:recursion_return_ram2	0	static
../Core/Src/recursion.c:155:5:main_rec_ram2	8	static
../Core/Src/recursion.c:15:6:recursion_init	8	static
../Core/Src/recursion.c:22:5:recursion_fib	16	static
../Core/Src/recursion.c:32:5:recursion_return	0	static
../Core/Src/recursion.c:37:6:recursion_main	8	static
../Core/Src/recursion.c:42:5:main_rec	8	static
