../Core/Src/main.c:74:6:EnterSleep	8	static
../Core/Src/main.c:80:6:fibonacci	0	static
../Core/Src/main.c:93:6:fibonacci_ccm	0	static
../Core/Src/main.c:105:6:Sleep	16	static
../Core/Src/main.c:184:6:SystemClock_Config	88	static,ignoring_inline_asm
../Core/Src/main.c:122:5:main	64	static,ignoring_inline_asm
../Core/Src/main.c:351:6:SystemClock_Config170MHZ	88	static,ignoring_inline_asm
../Core/Src/main.c:393:6:SystemClock_Config150MHZ	88	static,ignoring_inline_asm
../Core/Src/main.c:441:6:Error_Handler	0	static,ignoring_inline_asm
