../Core/Src/main.c:66:6:Sleep	24	static
../Core/Src/main.c:83:5:main	104	static
../Core/Src/main.c:155:6:SystemClock_Config	128	static
../Core/Src/main.c:201:13:MX_RTC_Init	8	static
../Core/Src/main.c:243:13:MX_TIM2_Init	40	static
../Core/Src/main.c:288:13:MX_USART1_UART_Init	8	static
../Core/Src/main.c:323:13:MX_GPIO_Init	16	static
../Core/Src/main.c:337:13:SystemClockHSE_Config	72	static
../Core/Src/main.c:388:13:SystemClockHSI_Config	72	static
../Core/Src/main.c:444:6:Error_Handler	4	static,ignoring_inline_asm
