../Core/Src/main.c:111:6:empty_cache	0	static
../Core/Src/main.c:123:6:init_cache	0	static
../Core/Src/main.c:205:6:SystemClock_Config	88	static,ignoring_inline_asm
../Core/Src/main.c:369:6:change_freq	192	static,ignoring_inline_asm
../Core/Src/main.c:352:6:Sleep	16	static
../Core/Src/main.c:65:6:tested_code	8	static
../Core/Src/main.c:461:6:range1_to_range2	32	static,ignoring_inline_asm
../Core/Src/main.c:488:6:range2_to_range1	0	static
../Core/Src/main.c:505:6:boost_mode	0	static
../Core/Src/main.c:137:5:main	104	static,ignoring_inline_asm
../Core/Src/main.c:519:6:Error_Handler	0	static,ignoring_inline_asm
