../Core/Src/main.c:152:6:fft_bit_reduct_ccm	64	static
../Core/Src/main.c:242:7:fft_exp2f_ccm	0	static
../Core/Src/main.c:257:7:fft_modff_ccm	0	static
../Core/Src/main.c:271:5:fft_convert_ccm	8	static
../Core/Src/main.c:298:6:fft_float2fract_ccm	8	static
../Core/Src/main.c:312:6:fft_pin_down_ccm	8	static
../Core/Src/main.c:331:6:fft_init_ccm	24	static
../Core/Src/main.c:354:6:fft_main_ccm	0	static
../Core/Src/main.c:360:6:fft_bit_reduct	64	static
../Core/Src/main.c:448:7:fft_exp2f	0	static
../Core/Src/main.c:461:7:fft_modff	0	static
../Core/Src/main.c:473:5:fft_convert	8	static
../Core/Src/main.c:498:6:fft_float2fract	8	static
../Core/Src/main.c:511:6:fft_pin_down	8	static
../Core/Src/main.c:527:6:fft_init	24	static
../Core/Src/main.c:547:6:fft_main	0	static
../Core/Src/main.c:654:6:SystemClock_Config	136	static,ignoring_inline_asm
../Core/Src/main.c:831:6:change_to_PLL	80	static,ignoring_inline_asm
../Core/Src/main.c:889:6:Sleep	16	static
../Core/Src/main.c:581:6:tested_code	8	static
../Core/Src/main.c:908:6:change_freq	80	static,ignoring_inline_asm
../Core/Src/main.c:595:5:main	80	static,ignoring_inline_asm
../Core/Src/main.c:968:6:Error_Handler	0	static,ignoring_inline_asm
