12:06:34 **** Incremental Build of configuration Release for project bubble_sort ****
make -j8 all 
arm-none-eabi-gcc "../Core/Src/main.c" -mcpu=cortex-m4 -std=gnu11 -DUSE_HAL_DRIVER -DSTM32G431xx -c -I../Core/Inc -I../Drivers/STM32G4xx_HAL_Driver/Inc -I../Drivers/STM32G4xx_HAL_Driver/Inc/Legacy -I../Drivers/CMSIS/Device/ST/STM32G4xx/Include -I../Drivers/CMSIS/Include -Os -ffunction-sections -fdata-sections -Wall -fstack-usage -fcyclomatic-complexity -MMD -MP -MF"Core/Src/main.d" -MT"Core/Src/main.o" --specs=nano.specs -mfpu=fpv4-sp-d16 -mfloat-abi=hard -mthumb -o "Core/Src/main.o"
arm-none-eabi-gcc -o "bubble_sort.elf" @"objects.list"   -mcpu=cortex-m4 -T"C:\Users\loict\Desktop\Stage_vertics\stm32g_code\bubble_sort\STM32G431KBTX_FLASH.ld" --specs=nosys.specs -Wl,-Map="bubble_sort.map" -Wl,--gc-sections -static --specs=nano.specs -mfpu=fpv4-sp-d16 -mfloat-abi=hard -mthumb -Wl,--start-group -lc -lm -Wl,--end-group
Finished building target: bubble_sort.elf
 
arm-none-eabi-size   bubble_sort.elf 
arm-none-eabi-objdump -h -S  bubble_sort.elf  > "bubble_sort.list"
   text	   data	    bss	    dec	    hex	filename
  10804	   4020	   1612	  16436	   4034	bubble_sort.elf
Finished building: default.size.stdout
 
Finished building: bubble_sort.list
 
12:06:47 **** Incremental Build of configuration Release for project bubble_sort ****
make -j8 all 
arm-none-eabi-size   bubble_sort.elf 
   text	   data	    bss	    dec	    hex	filename
  10804	   4020	   1612	  16436	   4034	bubble_sort.elf
Finished building: default.size.stdout
 
12:13:46 **** Incremental Build of configuration Release for project bubble_sort ****
make -j8 all 
arm-none-eabi-gcc "../Core/Src/main.c" -mcpu=cortex-m4 -std=gnu11 -DUSE_HAL_DRIVER -DSTM32G431xx -c -I../Core/Inc -I../Drivers/STM32G4xx_HAL_Driver/Inc -I../Drivers/STM32G4xx_HAL_Driver/Inc/Legacy -I../Drivers/CMSIS/Device/ST/STM32G4xx/Include -I../Drivers/CMSIS/Include -Os -ffunction-sections -fdata-sections -Wall -fstack-usage -fcyclomatic-complexity -MMD -MP -MF"Core/Src/main.d" -MT"Core/Src/main.o" --specs=nano.specs -mfpu=fpv4-sp-d16 -mfloat-abi=hard -mthumb -o "Core/Src/main.o"
arm-none-eabi-gcc -o "bubble_sort.elf" @"objects.list"   -mcpu=cortex-m4 -T"C:\Users\loict\Desktop\Stage_vertics\stm32g_code\bubble_sort\STM32G431KBTX_FLASH.ld" --specs=nosys.specs -Wl,-Map="bubble_sort.map" -Wl,--gc-sections -static --specs=nano.specs -mfpu=fpv4-sp-d16 -mfloat-abi=hard -mthumb -Wl,--start-group -lc -lm -Wl,--end-group
Finished building target: bubble_sort.elf
 
arm-none-eabi-size   bubble_sort.elf 
arm-none-eabi-objdump -h -S  bubble_sort.elf  > "bubble_sort.list"
   text	   data	    bss	    dec	    hex	filename
  10804	   4020	   1612	  16436	   4034	bubble_sort.elf
Finished building: default.size.stdout
 
Finished building: bubble_sort.list
 
12:15:45 **** Incremental Build of configuration Release for project bubble_sort ****
make -j8 all 
arm-none-eabi-gcc "../Core/Src/main.c" -mcpu=cortex-m4 -std=gnu11 -DUSE_HAL_DRIVER -DSTM32G431xx -c -I../Core/Inc -I../Drivers/STM32G4xx_HAL_Driver/Inc -I../Drivers/STM32G4xx_HAL_Driver/Inc/Legacy -I../Drivers/CMSIS/Device/ST/STM32G4xx/Include -I../Drivers/CMSIS/Include -Os -ffunction-sections -fdata-sections -Wall -fstack-usage -fcyclomatic-complexity -MMD -MP -MF"Core/Src/main.d" -MT"Core/Src/main.o" --specs=nano.specs -mfpu=fpv4-sp-d16 -mfloat-abi=hard -mthumb -o "Core/Src/main.o"
arm-none-eabi-gcc -o "bubble_sort.elf" @"objects.list"   -mcpu=cortex-m4 -T"C:\Users\loict\Desktop\Stage_vertics\stm32g_code\bubble_sort\STM32G431KBTX_FLASH.ld" --specs=nosys.specs -Wl,-Map="bubble_sort.map" -Wl,--gc-sections -static --specs=nano.specs -mfpu=fpv4-sp-d16 -mfloat-abi=hard -mthumb -Wl,--start-group -lc -lm -Wl,--end-group
Finished building target: bubble_sort.elf
 
arm-none-eabi-size   bubble_sort.elf 
arm-none-eabi-objdump -h -S  bubble_sort.elf  > "bubble_sort.list"
   text	   data	    bss	    dec	    hex	filename
  10804	   4020	   1612	  16436	   4034	bubble_sort.elf
Finished building: default.size.stdout
 
Finished building: bubble_sort.list
 
