13:07:26 **** Incremental Build of configuration Release for project test_32g ****
make -j8 all 
arm-none-eabi-gcc "../Core/Src/main.c" -mcpu=cortex-m4 -std=gnu11 -DUSE_HAL_DRIVER -DSTM32G431xx -c -I../Core/Inc -I../Drivers/STM32G4xx_HAL_Driver/Inc -I../Drivers/STM32G4xx_HAL_Driver/Inc/Legacy -I../Drivers/CMSIS/Device/ST/STM32G4xx/Include -I../Drivers/CMSIS/Include -Os -ffunction-sections -fdata-sections -Wall -fstack-usage -fcyclomatic-complexity -MMD -MP -MF"Core/Src/main.d" -MT"Core/Src/main.o" --specs=nano.specs -mfpu=fpv4-sp-d16 -mfloat-abi=hard -mthumb -o "Core/Src/main.o"
arm-none-eabi-gcc -o "test_32g.elf" @"objects.list"   -mcpu=cortex-m4 -T"C:\Users\loict\STM32CubeIDE\workspace_1.12.1\test_32g\STM32G431KBTX_FLASH.ld" --specs=nosys.specs -Wl,-Map="test_32g.map" -Wl,--gc-sections -static --specs=nano.specs -mfpu=fpv4-sp-d16 -mfloat-abi=hard -mthumb -Wl,--start-group -lc -lm -Wl,--end-group
Finished building target: test_32g.elf
 
arm-none-eabi-size   test_32g.elf 
arm-none-eabi-objdump -h -S  test_32g.elf  > "test_32g.list"
   text	   data	    bss	    dec	    hex	filename
   7508	   3620	  18108	  29236	   7234	test_32g.elf
Finished building: default.size.stdout
 
Finished building: test_32g.list
 

13:07:27 Build Finished. 0 errors, 0 warnings. (took 1s.215ms)

